// Vitest Snapshot v1, https://vitest.dev/guide/snapshot.html

exports[`VariableAssignment > write > writes basic variable assignments 1`] = `"foo = "bar""`;
