{
  "selfHosted": false,
  "apiName": {
    "originalName": "api",
    "camelCase": {
      "unsafeName": "api",
      "safeName": "api"
    },
    "snakeCase": {
      "unsafeName": "api",
      "safeName": "api"
    },
    "screamingSnakeCase": {
      "unsafeName": "API",
      "safeName": "API"
    },
    "pascalCase": {
      "unsafeName": "API",
      "safeName": "API"
    }
  },
  "apiDisplayName": "oneOf With Const Primitive Variants Test",
  "auth": {
    "requirement": "ALL",
    "schemes": []
  },
  "headers": [],
  "idempotencyHeaders": [],
  "types": {
    "type_:ActivityLevelOneOf": {
      "docs": "Intensity of the user's activity at an instant in time",
      "name": {
        "name": {
          "originalName": "ActivityLevelOneOf",
          "camelCase": {
            "unsafeName": "activityLevelOneOf",
            "safeName": "activityLevelOneOf"
          },
          "snakeCase": {
            "unsafeName": "activity_level_one_of",
            "safeName": "activity_level_one_of"
          },
          "screamingSnakeCase": {
            "unsafeName": "ACTIVITY_LEVEL_ONE_OF",
            "safeName": "ACTIVITY_LEVEL_ONE_OF"
          },
          "pascalCase": {
            "unsafeName": "ActivityLevelOneOf",
            "safeName": "ActivityLevelOneOf"
          }
        },
        "fernFilepath": {
          "allParts": [],
          "packagePath": []
        },
        "typeId": "type_:ActivityLevelOneOf"
      },
      "shape": {
        "values": [
          {
            "docs": "Activity level is unknown or could not be determined.",
            "name": {
              "name": {
                "originalName": "UNKNOWN",
                "camelCase": {
                  "unsafeName": "unknown",
                  "safeName": "unknown"
                },
                "snakeCase": {
                  "unsafeName": "unknown",
                  "safeName": "unknown"
                },
                "screamingSnakeCase": {
                  "unsafeName": "UNKNOWN",
                  "safeName": "UNKNOWN"
                },
                "pascalCase": {
                  "unsafeName": "Unknown",
                  "safeName": "Unknown"
                }
              },
              "wireValue": "0"
            }
          },
          {
            "docs": "User is at rest, with minimal to no physical activity.",
            "name": {
              "name": {
                "originalName": "REST",
                "camelCase": {
                  "unsafeName": "rest",
                  "safeName": "rest"
                },
                "snakeCase": {
                  "unsafeName": "rest",
                  "safeName": "rest"
                },
                "screamingSnakeCase": {
                  "unsafeName": "REST",
                  "safeName": "REST"
                },
                "pascalCase": {
                  "unsafeName": "Rest",
                  "safeName": "Rest"
                }
              },
              "wireValue": "1"
            }
          },
          {
            "docs": "User is awake but inactive or sedentary.",
            "name": {
              "name": {
                "originalName": "INACTIVE",
                "camelCase": {
                  "unsafeName": "inactive",
                  "safeName": "inactive"
                },
                "snakeCase": {
                  "unsafeName": "inactive",
                  "safeName": "inactive"
                },
                "screamingSnakeCase": {
                  "unsafeName": "INACTIVE",
                  "safeName": "INACTIVE"
                },
                "pascalCase": {
                  "unsafeName": "Inactive",
                  "safeName": "Inactive"
                }
              },
              "wireValue": "2"
            }
          },
          {
            "docs": "User is engaged in light physical activity such as casual walking.",
            "name": {
              "name": {
                "originalName": "LOW_INTENSITY",
                "camelCase": {
                  "unsafeName": "lowIntensity",
                  "safeName": "lowIntensity"
                },
                "snakeCase": {
                  "unsafeName": "low_intensity",
                  "safeName": "low_intensity"
                },
                "screamingSnakeCase": {
                  "unsafeName": "LOW_INTENSITY",
                  "safeName": "LOW_INTENSITY"
                },
                "pascalCase": {
                  "unsafeName": "LowIntensity",
                  "safeName": "LowIntensity"
                }
              },
              "wireValue": "3"
            }
          },
          {
            "docs": "User is engaged in moderate physical activity such as brisk walking or light exercise.",
            "name": {
              "name": {
                "originalName": "MEDIUM_INTENSITY",
                "camelCase": {
                  "unsafeName": "mediumIntensity",
                  "safeName": "mediumIntensity"
                },
                "snakeCase": {
                  "unsafeName": "medium_intensity",
                  "safeName": "medium_intensity"
                },
                "screamingSnakeCase": {
                  "unsafeName": "MEDIUM_INTENSITY",
                  "safeName": "MEDIUM_INTENSITY"
                },
                "pascalCase": {
                  "unsafeName": "MediumIntensity",
                  "safeName": "MediumIntensity"
                }
              },
              "wireValue": "4"
            }
          },
          {
            "docs": "User is engaged in vigorous physical activity such as running or intense exercise.",
            "name": {
              "name": {
                "originalName": "HIGH_INTENSITY",
                "camelCase": {
                  "unsafeName": "highIntensity",
                  "safeName": "highIntensity"
                },
                "snakeCase": {
                  "unsafeName": "high_intensity",
                  "safeName": "high_intensity"
                },
                "screamingSnakeCase": {
                  "unsafeName": "HIGH_INTENSITY",
                  "safeName": "HIGH_INTENSITY"
                },
                "pascalCase": {
                  "unsafeName": "HighIntensity",
                  "safeName": "HighIntensity"
                }
              },
              "wireValue": "5"
            }
          }
        ],
        "type": "enum"
      },
      "referencedTypes": {},
      "encoding": {
        "json": {}
      },
      "userProvidedExamples": [],
      "autogeneratedExamples": []
    }
  },
  "errors": {},
  "services": {},
  "constants": {
    "errorInstanceIdKey": {
      "name": {
        "originalName": "errorInstanceId",
        "camelCase": {
          "unsafeName": "errorInstanceID",
          "safeName": "errorInstanceID"
        },
        "snakeCase": {
          "unsafeName": "error_instance_id",
          "safeName": "error_instance_id"
        },
        "screamingSnakeCase": {
          "unsafeName": "ERROR_INSTANCE_ID",
          "safeName": "ERROR_INSTANCE_ID"
        },
        "pascalCase": {
          "unsafeName": "ErrorInstanceID",
          "safeName": "ErrorInstanceID"
        }
      },
      "wireValue": "errorInstanceId"
    }
  },
  "errorDiscriminationStrategy": {
    "type": "statusCode"
  },
  "pathParameters": [],
  "variables": [],
  "serviceTypeReferenceInfo": {
    "typesReferencedOnlyByService": {},
    "sharedTypes": [
      "type_:ActivityLevelOneOf"
    ]
  },
  "webhookGroups": {},
  "websocketChannels": {},
  "dynamic": {
    "version": "1.0.0",
    "types": {
      "type_:ActivityLevelOneOf": {
        "declaration": {
          "name": {
            "originalName": "ActivityLevelOneOf",
            "camelCase": {
              "unsafeName": "activityLevelOneOf",
              "safeName": "activityLevelOneOf"
            },
            "snakeCase": {
              "unsafeName": "activity_level_one_of",
              "safeName": "activity_level_one_of"
            },
            "screamingSnakeCase": {
              "unsafeName": "ACTIVITY_LEVEL_ONE_OF",
              "safeName": "ACTIVITY_LEVEL_ONE_OF"
            },
            "pascalCase": {
              "unsafeName": "ActivityLevelOneOf",
              "safeName": "ActivityLevelOneOf"
            }
          },
          "fernFilepath": {
            "allParts": [],
            "packagePath": []
          }
        },
        "values": [
          {
            "name": {
              "originalName": "UNKNOWN",
              "camelCase": {
                "unsafeName": "unknown",
                "safeName": "unknown"
              },
              "snakeCase": {
                "unsafeName": "unknown",
                "safeName": "unknown"
              },
              "screamingSnakeCase": {
                "unsafeName": "UNKNOWN",
                "safeName": "UNKNOWN"
              },
              "pascalCase": {
                "unsafeName": "Unknown",
                "safeName": "Unknown"
              }
            },
            "wireValue": "0"
          },
          {
            "name": {
              "originalName": "REST",
              "camelCase": {
                "unsafeName": "rest",
                "safeName": "rest"
              },
              "snakeCase": {
                "unsafeName": "rest",
                "safeName": "rest"
              },
              "screamingSnakeCase": {
                "unsafeName": "REST",
                "safeName": "REST"
              },
              "pascalCase": {
                "unsafeName": "Rest",
                "safeName": "Rest"
              }
            },
            "wireValue": "1"
          },
          {
            "name": {
              "originalName": "INACTIVE",
              "camelCase": {
                "unsafeName": "inactive",
                "safeName": "inactive"
              },
              "snakeCase": {
                "unsafeName": "inactive",
                "safeName": "inactive"
              },
              "screamingSnakeCase": {
                "unsafeName": "INACTIVE",
                "safeName": "INACTIVE"
              },
              "pascalCase": {
                "unsafeName": "Inactive",
                "safeName": "Inactive"
              }
            },
            "wireValue": "2"
          },
          {
            "name": {
              "originalName": "LOW_INTENSITY",
              "camelCase": {
                "unsafeName": "lowIntensity",
                "safeName": "lowIntensity"
              },
              "snakeCase": {
                "unsafeName": "low_intensity",
                "safeName": "low_intensity"
              },
              "screamingSnakeCase": {
                "unsafeName": "LOW_INTENSITY",
                "safeName": "LOW_INTENSITY"
              },
              "pascalCase": {
                "unsafeName": "LowIntensity",
                "safeName": "LowIntensity"
              }
            },
            "wireValue": "3"
          },
          {
            "name": {
              "originalName": "MEDIUM_INTENSITY",
              "camelCase": {
                "unsafeName": "mediumIntensity",
                "safeName": "mediumIntensity"
              },
              "snakeCase": {
                "unsafeName": "medium_intensity",
                "safeName": "medium_intensity"
              },
              "screamingSnakeCase": {
                "unsafeName": "MEDIUM_INTENSITY",
                "safeName": "MEDIUM_INTENSITY"
              },
              "pascalCase": {
                "unsafeName": "MediumIntensity",
                "safeName": "MediumIntensity"
              }
            },
            "wireValue": "4"
          },
          {
            "name": {
              "originalName": "HIGH_INTENSITY",
              "camelCase": {
                "unsafeName": "highIntensity",
                "safeName": "highIntensity"
              },
              "snakeCase": {
                "unsafeName": "high_intensity",
                "safeName": "high_intensity"
              },
              "screamingSnakeCase": {
                "unsafeName": "HIGH_INTENSITY",
                "safeName": "HIGH_INTENSITY"
              },
              "pascalCase": {
                "unsafeName": "HighIntensity",
                "safeName": "HighIntensity"
              }
            },
            "wireValue": "5"
          }
        ],
        "type": "enum"
      }
    },
    "headers": [],
    "endpoints": {},
    "pathParameters": []
  },
  "subpackages": {},
  "rootPackage": {
    "fernFilepath": {
      "allParts": [],
      "packagePath": []
    },
    "types": [
      "type_:ActivityLevelOneOf"
    ],
    "errors": [],
    "subpackages": [],
    "hasEndpointsInTree": false
  },
  "sdkConfig": {
    "isAuthMandatory": false,
    "hasStreamingEndpoints": false,
    "hasPaginatedEndpoints": false,
    "hasFileDownloadEndpoints": false,
    "platformHeaders": {
      "language": "X-Fern-Language",
      "sdkName": "X-Fern-SDK-Name",
      "sdkVersion": "X-Fern-SDK-Version"
    }
  }
}