{
  "selfHosted": false,
  "apiVersion": {
    "header": {
      "name": {
        "name": {
          "originalName": "X-API-Version",
          "camelCase": {
            "unsafeName": "xAPIVersion",
            "safeName": "xAPIVersion"
          },
          "snakeCase": {
            "unsafeName": "x_api_version",
            "safeName": "x_api_version"
          },
          "screamingSnakeCase": {
            "unsafeName": "X_API_VERSION",
            "safeName": "X_API_VERSION"
          },
          "pascalCase": {
            "unsafeName": "XAPIVersion",
            "safeName": "XAPIVersion"
          }
        },
        "wireValue": "X-API-Version"
      },
      "valueType": {
        "primitive": {
          "v1": "STRING",
          "v2": {
            "type": "string"
          }
        },
        "type": "primitive"
      },
      "v2Examples": {
        "userSpecifiedExamples": {},
        "autogeneratedExamples": {}
      }
    },
    "value": {
      "default": {
        "name": {
          "name": {
            "originalName": "2.0.0",
            "camelCase": {
              "unsafeName": "200",
              "safeName": "200"
            },
            "snakeCase": {
              "unsafeName": "200",
              "safeName": "200"
            },
            "screamingSnakeCase": {
              "unsafeName": "200",
              "safeName": "200"
            },
            "pascalCase": {
              "unsafeName": "200",
              "safeName": "200"
            }
          },
          "wireValue": "2.0.0"
        }
      },
      "values": [
        {
          "name": {
            "name": {
              "originalName": "1.0.0",
              "camelCase": {
                "unsafeName": "100",
                "safeName": "100"
              },
              "snakeCase": {
                "unsafeName": "100",
                "safeName": "100"
              },
              "screamingSnakeCase": {
                "unsafeName": "100",
                "safeName": "100"
              },
              "pascalCase": {
                "unsafeName": "100",
                "safeName": "100"
              }
            },
            "wireValue": "1.0.0"
          }
        },
        {
          "name": {
            "name": {
              "originalName": "2.0.0",
              "camelCase": {
                "unsafeName": "200",
                "safeName": "200"
              },
              "snakeCase": {
                "unsafeName": "200",
                "safeName": "200"
              },
              "screamingSnakeCase": {
                "unsafeName": "200",
                "safeName": "200"
              },
              "pascalCase": {
                "unsafeName": "200",
                "safeName": "200"
              }
            },
            "wireValue": "2.0.0"
          }
        },
        {
          "name": {
            "name": {
              "originalName": "Latest",
              "camelCase": {
                "unsafeName": "latest",
                "safeName": "latest"
              },
              "snakeCase": {
                "unsafeName": "latest",
                "safeName": "latest"
              },
              "screamingSnakeCase": {
                "unsafeName": "LATEST",
                "safeName": "LATEST"
              },
              "pascalCase": {
                "unsafeName": "Latest",
                "safeName": "Latest"
              }
            },
            "wireValue": "Latest"
          }
        }
      ]
    },
    "type": "header"
  },
  "apiName": {
    "originalName": "api",
    "camelCase": {
      "unsafeName": "api",
      "safeName": "api"
    },
    "snakeCase": {
      "unsafeName": "api",
      "safeName": "api"
    },
    "screamingSnakeCase": {
      "unsafeName": "API",
      "safeName": "API"
    },
    "pascalCase": {
      "unsafeName": "API",
      "safeName": "API"
    }
  },
  "apiDisplayName": "Tree API",
  "auth": {
    "requirement": "ALL",
    "schemes": []
  },
  "headers": [],
  "idempotencyHeaders": [],
  "types": {},
  "errors": {},
  "services": {
    "service_inventory": {
      "name": {
        "fernFilepath": {
          "allParts": [
            {
              "originalName": "inventory",
              "camelCase": {
                "unsafeName": "inventory",
                "safeName": "inventory"
              },
              "snakeCase": {
                "unsafeName": "inventory",
                "safeName": "inventory"
              },
              "screamingSnakeCase": {
                "unsafeName": "INVENTORY",
                "safeName": "INVENTORY"
              },
              "pascalCase": {
                "unsafeName": "Inventory",
                "safeName": "Inventory"
              }
            }
          ],
          "packagePath": [],
          "file": {
            "originalName": "inventory",
            "camelCase": {
              "unsafeName": "inventory",
              "safeName": "inventory"
            },
            "snakeCase": {
              "unsafeName": "inventory",
              "safeName": "inventory"
            },
            "screamingSnakeCase": {
              "unsafeName": "INVENTORY",
              "safeName": "INVENTORY"
            },
            "pascalCase": {
              "unsafeName": "Inventory",
              "safeName": "Inventory"
            }
          }
        }
      },
      "basePath": {
        "head": "",
        "parts": []
      },
      "headers": [],
      "pathParameters": [],
      "encoding": {
        "json": {}
      },
      "transport": {
        "type": "http"
      },
      "endpoints": [
        {
          "docs": "Retrieve a list of inventory items",
          "id": "endpoint_inventory.list",
          "name": {
            "originalName": "list",
            "camelCase": {
              "unsafeName": "list",
              "safeName": "list"
            },
            "snakeCase": {
              "unsafeName": "list",
              "safeName": "list"
            },
            "screamingSnakeCase": {
              "unsafeName": "LIST",
              "safeName": "LIST"
            },
            "pascalCase": {
              "unsafeName": "List",
              "safeName": "List"
            }
          },
          "displayName": "List inventory",
          "auth": false,
          "idempotent": false,
          "method": "GET",
          "path": {
            "head": "/inventory",
            "parts": []
          },
          "fullPath": {
            "head": "inventory",
            "parts": []
          },
          "pathParameters": [],
          "allPathParameters": [],
          "queryParameters": [],
          "headers": [],
          "response": {},
          "errors": [],
          "userSpecifiedExamples": [],
          "autogeneratedExamples": []
        }
      ]
    }
  },
  "constants": {
    "errorInstanceIdKey": {
      "name": {
        "originalName": "errorInstanceId",
        "camelCase": {
          "unsafeName": "errorInstanceID",
          "safeName": "errorInstanceID"
        },
        "snakeCase": {
          "unsafeName": "error_instance_id",
          "safeName": "error_instance_id"
        },
        "screamingSnakeCase": {
          "unsafeName": "ERROR_INSTANCE_ID",
          "safeName": "ERROR_INSTANCE_ID"
        },
        "pascalCase": {
          "unsafeName": "ErrorInstanceID",
          "safeName": "ErrorInstanceID"
        }
      },
      "wireValue": "errorInstanceId"
    }
  },
  "environments": {
    "defaultEnvironment": "production",
    "environments": {
      "environments": [
        {
          "id": "production",
          "name": {
            "originalName": "production",
            "camelCase": {
              "unsafeName": "production",
              "safeName": "production"
            },
            "snakeCase": {
              "unsafeName": "production",
              "safeName": "production"
            },
            "screamingSnakeCase": {
              "unsafeName": "PRODUCTION",
              "safeName": "PRODUCTION"
            },
            "pascalCase": {
              "unsafeName": "Production",
              "safeName": "Production"
            }
          },
          "url": "https://api.com"
        },
        {
          "id": "sandbox",
          "name": {
            "originalName": "sandbox",
            "camelCase": {
              "unsafeName": "sandbox",
              "safeName": "sandbox"
            },
            "snakeCase": {
              "unsafeName": "sandbox",
              "safeName": "sandbox"
            },
            "screamingSnakeCase": {
              "unsafeName": "SANDBOX",
              "safeName": "SANDBOX"
            },
            "pascalCase": {
              "unsafeName": "Sandbox",
              "safeName": "Sandbox"
            }
          },
          "url": "https://private.api.com"
        }
      ],
      "type": "singleBaseUrl"
    }
  },
  "errorDiscriminationStrategy": {
    "type": "statusCode"
  },
  "pathParameters": [],
  "variables": [],
  "serviceTypeReferenceInfo": {
    "typesReferencedOnlyByService": {},
    "sharedTypes": []
  },
  "webhookGroups": {},
  "websocketChannels": {},
  "dynamic": {
    "version": "1.0.0",
    "types": {},
    "headers": [],
    "endpoints": {
      "endpoint_inventory.list": {
        "declaration": {
          "name": {
            "originalName": "list",
            "camelCase": {
              "unsafeName": "list",
              "safeName": "list"
            },
            "snakeCase": {
              "unsafeName": "list",
              "safeName": "list"
            },
            "screamingSnakeCase": {
              "unsafeName": "LIST",
              "safeName": "LIST"
            },
            "pascalCase": {
              "unsafeName": "List",
              "safeName": "List"
            }
          },
          "fernFilepath": {
            "allParts": [
              {
                "originalName": "inventory",
                "camelCase": {
                  "unsafeName": "inventory",
                  "safeName": "inventory"
                },
                "snakeCase": {
                  "unsafeName": "inventory",
                  "safeName": "inventory"
                },
                "screamingSnakeCase": {
                  "unsafeName": "INVENTORY",
                  "safeName": "INVENTORY"
                },
                "pascalCase": {
                  "unsafeName": "Inventory",
                  "safeName": "Inventory"
                }
              }
            ],
            "packagePath": [],
            "file": {
              "originalName": "inventory",
              "camelCase": {
                "unsafeName": "inventory",
                "safeName": "inventory"
              },
              "snakeCase": {
                "unsafeName": "inventory",
                "safeName": "inventory"
              },
              "screamingSnakeCase": {
                "unsafeName": "INVENTORY",
                "safeName": "INVENTORY"
              },
              "pascalCase": {
                "unsafeName": "Inventory",
                "safeName": "Inventory"
              }
            }
          }
        },
        "location": {
          "method": "GET",
          "path": "/inventory"
        },
        "request": {
          "pathParameters": [],
          "type": "body"
        },
        "response": {
          "type": "json"
        },
        "examples": []
      }
    },
    "pathParameters": [],
    "environments": {
      "defaultEnvironment": "production",
      "environments": {
        "environments": [
          {
            "id": "production",
            "name": {
              "originalName": "production",
              "camelCase": {
                "unsafeName": "production",
                "safeName": "production"
              },
              "snakeCase": {
                "unsafeName": "production",
                "safeName": "production"
              },
              "screamingSnakeCase": {
                "unsafeName": "PRODUCTION",
                "safeName": "PRODUCTION"
              },
              "pascalCase": {
                "unsafeName": "Production",
                "safeName": "Production"
              }
            },
            "url": "https://api.com"
          },
          {
            "id": "sandbox",
            "name": {
              "originalName": "sandbox",
              "camelCase": {
                "unsafeName": "sandbox",
                "safeName": "sandbox"
              },
              "snakeCase": {
                "unsafeName": "sandbox",
                "safeName": "sandbox"
              },
              "screamingSnakeCase": {
                "unsafeName": "SANDBOX",
                "safeName": "SANDBOX"
              },
              "pascalCase": {
                "unsafeName": "Sandbox",
                "safeName": "Sandbox"
              }
            },
            "url": "https://private.api.com"
          }
        ],
        "type": "singleBaseUrl"
      }
    }
  },
  "subpackages": {
    "subpackage_inventory": {
      "fernFilepath": {
        "allParts": [
          {
            "originalName": "inventory",
            "camelCase": {
              "unsafeName": "inventory",
              "safeName": "inventory"
            },
            "snakeCase": {
              "unsafeName": "inventory",
              "safeName": "inventory"
            },
            "screamingSnakeCase": {
              "unsafeName": "INVENTORY",
              "safeName": "INVENTORY"
            },
            "pascalCase": {
              "unsafeName": "Inventory",
              "safeName": "Inventory"
            }
          }
        ],
        "packagePath": [],
        "file": {
          "originalName": "inventory",
          "camelCase": {
            "unsafeName": "inventory",
            "safeName": "inventory"
          },
          "snakeCase": {
            "unsafeName": "inventory",
            "safeName": "inventory"
          },
          "screamingSnakeCase": {
            "unsafeName": "INVENTORY",
            "safeName": "INVENTORY"
          },
          "pascalCase": {
            "unsafeName": "Inventory",
            "safeName": "Inventory"
          }
        }
      },
      "name": {
        "originalName": "inventory",
        "camelCase": {
          "unsafeName": "inventory",
          "safeName": "inventory"
        },
        "snakeCase": {
          "unsafeName": "inventory",
          "safeName": "inventory"
        },
        "screamingSnakeCase": {
          "unsafeName": "INVENTORY",
          "safeName": "INVENTORY"
        },
        "pascalCase": {
          "unsafeName": "Inventory",
          "safeName": "Inventory"
        }
      },
      "service": "service_inventory",
      "types": [],
      "errors": [],
      "subpackages": [],
      "hasEndpointsInTree": true
    }
  },
  "rootPackage": {
    "fernFilepath": {
      "allParts": [],
      "packagePath": []
    },
    "types": [],
    "errors": [],
    "subpackages": [
      "subpackage_inventory"
    ],
    "hasEndpointsInTree": true
  },
  "sdkConfig": {
    "isAuthMandatory": false,
    "hasStreamingEndpoints": false,
    "hasPaginatedEndpoints": false,
    "hasFileDownloadEndpoints": false,
    "platformHeaders": {
      "language": "X-Fern-Language",
      "sdkName": "X-Fern-SDK-Name",
      "sdkVersion": "X-Fern-SDK-Version"
    }
  }
}