// Vitest Snapshot v1, https://vitest.dev/guide/snapshot.html

exports[`x-fern-access-token-endpoint > x-fern-access-token-endpoint > docs 1`] = `
{
  "definitionFiles": {},
  "packageMarkerFile": {
    "service": {
      "auth": false,
      "base-path": "",
      "endpoints": {
        "postRefresh": {
          "auth": false,
          "docs": undefined,
          "examples": [
            {
              "query-parameters": {
                "refresh_token": "refresh_token",
              },
              "response": {
                "body": {
                  "accessToken": "accessToken",
                  "refreshToken": "refreshToken",
                },
              },
            },
          ],
          "method": "POST",
          "pagination": undefined,
          "path": "/refresh",
          "request": {
            "name": "PostRefreshRequest",
            "query-parameters": {
              "refresh_token": "string",
            },
          },
          "response": {
            "docs": "A real life token",
            "type": "PostRefreshResponse",
          },
        },
        "postToken": {
          "auth": false,
          "docs": undefined,
          "examples": [
            {
              "query-parameters": {
                "clientId": "clientId",
                "clientSecret": "clientSecret",
                "scopes": "scopes",
              },
              "response": {
                "body": {
                  "accessToken": "accessToken",
                  "refreshToken": "refreshToken",
                },
              },
            },
          ],
          "method": "POST",
          "pagination": undefined,
          "path": "/token",
          "request": {
            "name": "PostTokenRequest",
            "query-parameters": {
              "clientId": "string",
              "clientSecret": "string",
              "scopes": "string",
            },
          },
          "response": {
            "docs": "A real life token",
            "type": "PostTokenResponse",
          },
        },
      },
      "source": {
        "openapi": "x-fern-access-token-endpoint/openapi.yml",
      },
    },
    "types": {
      "PostRefreshResponse": {
        "docs": undefined,
        "properties": {
          "accessToken": "string",
          "refreshToken": "string",
        },
        "source": {
          "openapi": "x-fern-access-token-endpoint/openapi.yml",
        },
      },
      "PostTokenResponse": {
        "docs": undefined,
        "properties": {
          "accessToken": "string",
          "refreshToken": "string",
        },
        "source": {
          "openapi": "x-fern-access-token-endpoint/openapi.yml",
        },
      },
    },
  },
  "rootApiFile": {
    "auth": "OAuthScheme",
    "auth-schemes": {
      "OAuthScheme": {
        "client-id-env": undefined,
        "client-secret-env": undefined,
        "get-token": {
          "endpoint": "root.postToken",
          "request-properties": {
            "client-id": "$query.client_id",
            "client-secret": "$query.client_secret",
            "scopes": "$query.scopes",
          },
          "response-properties": {
            "access-token": "$response.access_token",
            "expires-in": undefined,
            "refresh-token": "$response.refresh_token",
          },
        },
        "refresh-token": {
          "endpoint": "root.postRefresh",
          "request-properties": {
            "refresh-token": "$query.refresh_token",
          },
          "response-properties": {
            "access-token": "$response.access_token",
            "expires-in": undefined,
            "refresh-token": "$response.refresh_token",
          },
        },
        "scheme": "oauth",
        "scopes": [
          "scope1",
          "scope2",
        ],
        "token-prefix": undefined,
        "type": "client-credentials",
      },
    },
    "display-name": "Test extension \`x-fern-access-token-endpoint\`.",
    "error-discrimination": {
      "strategy": "status-code",
    },
    "imports": {
      "root": "__package__.yml",
    },
    "name": "api",
  },
}
`;

exports[`x-fern-access-token-endpoint > x-fern-access-token-endpoint > simple 1`] = `
{
  "definitionFiles": {},
  "packageMarkerFile": {
    "service": {
      "auth": false,
      "base-path": "",
      "endpoints": {
        "postRefresh": {
          "auth": false,
          "docs": undefined,
          "examples": [
            {
              "query-parameters": {
                "refresh_token": "refresh_token",
              },
              "response": {
                "body": {
                  "accessToken": "accessToken",
                  "refreshToken": "refreshToken",
                },
              },
            },
          ],
          "method": "POST",
          "pagination": undefined,
          "path": "/refresh",
          "request": {
            "name": "PostRefreshRequest",
            "query-parameters": {
              "refresh_token": "string",
            },
          },
          "response": {
            "docs": "A real life token",
            "type": "PostRefreshResponse",
          },
        },
        "postToken": {
          "auth": false,
          "docs": undefined,
          "examples": [
            {
              "query-parameters": {
                "clientId": "clientId",
                "clientSecret": "clientSecret",
                "scopes": "scopes",
              },
              "response": {
                "body": {
                  "accessToken": "accessToken",
                  "refreshToken": "refreshToken",
                },
              },
            },
          ],
          "method": "POST",
          "pagination": undefined,
          "path": "/token",
          "request": {
            "name": "PostTokenRequest",
            "query-parameters": {
              "clientId": "string",
              "clientSecret": "string",
              "scopes": "string",
            },
          },
          "response": {
            "docs": "A real life token",
            "type": "PostTokenResponse",
          },
        },
      },
      "source": {
        "openapi": "x-fern-access-token-endpoint/openapi.yml",
      },
    },
    "types": {
      "PostRefreshResponse": {
        "docs": undefined,
        "properties": {
          "accessToken": "string",
          "refreshToken": "string",
        },
        "source": {
          "openapi": "x-fern-access-token-endpoint/openapi.yml",
        },
      },
      "PostTokenResponse": {
        "docs": undefined,
        "properties": {
          "accessToken": "string",
          "refreshToken": "string",
        },
        "source": {
          "openapi": "x-fern-access-token-endpoint/openapi.yml",
        },
      },
    },
  },
  "rootApiFile": {
    "auth": "OAuthScheme",
    "auth-schemes": {
      "OAuthScheme": {
        "client-id-env": undefined,
        "client-secret-env": undefined,
        "get-token": {
          "endpoint": "root.postToken",
          "request-properties": {
            "client-id": "$query.client_id",
            "client-secret": "$query.client_secret",
            "scopes": "$query.scopes",
          },
          "response-properties": {
            "access-token": "$response.access_token",
            "expires-in": undefined,
            "refresh-token": "$response.refresh_token",
          },
        },
        "refresh-token": {
          "endpoint": "root.postRefresh",
          "request-properties": {
            "refresh-token": "$query.refresh_token",
          },
          "response-properties": {
            "access-token": "$response.access_token",
            "expires-in": undefined,
            "refresh-token": "$response.refresh_token",
          },
        },
        "scheme": "oauth",
        "scopes": [
          "scope1",
          "scope2",
        ],
        "token-prefix": undefined,
        "type": "client-credentials",
      },
    },
    "display-name": "Test extension \`x-fern-access-token-endpoint\`.",
    "error-discrimination": {
      "strategy": "status-code",
    },
    "imports": {
      "root": "__package__.yml",
    },
    "name": "api",
  },
}
`;
