{
  "auth": {
    "requirement": "ALL",
    "schemes": []
  },
  "types": {
    "createAUser_Response_200": {
      "name": {
        "typeId": "createAUser_Response_200",
        "fernFilepath": {
          "allParts": [],
          "packagePath": []
        },
        "name": {
          "originalName": "createAUser_Response_200",
          "camelCase": {
            "unsafeName": "createAUserResponse200",
            "safeName": "createAUserResponse200"
          },
          "snakeCase": {
            "unsafeName": "create_a_user_response_200",
            "safeName": "create_a_user_response_200"
          },
          "screamingSnakeCase": {
            "unsafeName": "CREATE_A_USER_RESPONSE_200",
            "safeName": "CREATE_A_USER_RESPONSE_200"
          },
          "pascalCase": {
            "unsafeName": "CreateAUserResponse200",
            "safeName": "CreateAUserResponse200"
          }
        }
      },
      "shape": {
        "properties": [
          {
            "name": {
              "name": {
                "originalName": "id",
                "camelCase": {
                  "unsafeName": "id",
                  "safeName": "id"
                },
                "snakeCase": {
                  "unsafeName": "id",
                  "safeName": "id"
                },
                "screamingSnakeCase": {
                  "unsafeName": "ID",
                  "safeName": "ID"
                },
                "pascalCase": {
                  "unsafeName": "Id",
                  "safeName": "Id"
                }
              },
              "wireValue": "id"
            },
            "valueType": {
              "container": {
                "optional": {
                  "primitive": {
                    "v1": "STRING",
                    "v2": {
                      "validation": {},
                      "type": "string"
                    }
                  },
                  "type": "primitive"
                },
                "type": "optional"
              },
              "type": "container"
            },
            "example": "12345"
          },
          {
            "name": {
              "name": {
                "originalName": "name",
                "camelCase": {
                  "unsafeName": "name",
                  "safeName": "name"
                },
                "snakeCase": {
                  "unsafeName": "name",
                  "safeName": "name"
                },
                "screamingSnakeCase": {
                  "unsafeName": "NAME",
                  "safeName": "NAME"
                },
                "pascalCase": {
                  "unsafeName": "Name",
                  "safeName": "Name"
                }
              },
              "wireValue": "name"
            },
            "valueType": {
              "container": {
                "optional": {
                  "primitive": {
                    "v1": "STRING",
                    "v2": {
                      "validation": {},
                      "type": "string"
                    }
                  },
                  "type": "primitive"
                },
                "type": "optional"
              },
              "type": "container"
            },
            "example": "67890"
          }
        ],
        "extends": [],
        "extendedProperties": [],
        "extraProperties": false,
        "type": "object"
      },
      "autogeneratedExamples": [],
      "userProvidedExamples": [],
      "referencedTypes": {},
      "inline": false,
      "v2Examples": {
        "userSpecifiedExamples": [],
        "autogeneratedExamples": []
      }
    }
  },
  "services": {
    "service_": {
      "name": {
        "fernFilepath": {
          "allParts": [],
          "packagePath": []
        }
      },
      "basePath": {
        "head": "",
        "parts": []
      },
      "headers": [],
      "pathParameters": [],
      "endpoints": [
        {
          "id": "createAUser",
          "displayName": "Create a user",
          "method": "POST",
          "name": {
            "originalName": "createAUser",
            "camelCase": {
              "unsafeName": "createAUser",
              "safeName": "createAUser"
            },
            "snakeCase": {
              "unsafeName": "create_a_user",
              "safeName": "create_a_user"
            },
            "screamingSnakeCase": {
              "unsafeName": "CREATE_A_USER",
              "safeName": "CREATE_A_USER"
            },
            "pascalCase": {
              "unsafeName": "CreateAUser",
              "safeName": "CreateAUser"
            }
          },
          "path": {
            "head": "/users",
            "parts": []
          },
          "pathParameters": [],
          "queryParameters": [],
          "headers": [],
          "requestBody": {
            "contentType": "application/json",
            "name": {
              "originalName": "createAUser_Request",
              "camelCase": {
                "unsafeName": "createAUserRequest",
                "safeName": "createAUserRequest"
              },
              "snakeCase": {
                "unsafeName": "create_a_user_request",
                "safeName": "create_a_user_request"
              },
              "screamingSnakeCase": {
                "unsafeName": "CREATE_A_USER_REQUEST",
                "safeName": "CREATE_A_USER_REQUEST"
              },
              "pascalCase": {
                "unsafeName": "CreateAUserRequest",
                "safeName": "CreateAUserRequest"
              }
            },
            "extendedProperties": [],
            "extends": [],
            "properties": [
              {
                "name": {
                  "name": {
                    "originalName": "name",
                    "camelCase": {
                      "unsafeName": "name",
                      "safeName": "name"
                    },
                    "snakeCase": {
                      "unsafeName": "name",
                      "safeName": "name"
                    },
                    "screamingSnakeCase": {
                      "unsafeName": "NAME",
                      "safeName": "NAME"
                    },
                    "pascalCase": {
                      "unsafeName": "Name",
                      "safeName": "Name"
                    }
                  },
                  "wireValue": "name"
                },
                "valueType": {
                  "container": {
                    "optional": {
                      "primitive": {
                        "v1": "STRING",
                        "v2": {
                          "validation": {},
                          "type": "string"
                        }
                      },
                      "type": "primitive"
                    },
                    "type": "optional"
                  },
                  "type": "container"
                },
                "example": "qwerty"
              },
              {
                "name": {
                  "name": {
                    "originalName": "email",
                    "camelCase": {
                      "unsafeName": "email",
                      "safeName": "email"
                    },
                    "snakeCase": {
                      "unsafeName": "email",
                      "safeName": "email"
                    },
                    "screamingSnakeCase": {
                      "unsafeName": "EMAIL",
                      "safeName": "EMAIL"
                    },
                    "pascalCase": {
                      "unsafeName": "Email",
                      "safeName": "Email"
                    }
                  },
                  "wireValue": "email"
                },
                "valueType": {
                  "container": {
                    "optional": {
                      "primitive": {
                        "v1": "STRING",
                        "v2": {
                          "validation": {},
                          "type": "string"
                        }
                      },
                      "type": "primitive"
                    },
                    "type": "optional"
                  },
                  "type": "container"
                },
                "example": "yuiop"
              }
            ],
            "extraProperties": false,
            "type": "inlinedRequestBody"
          },
          "response": {
            "statusCode": 200,
            "body": {
              "value": {
                "responseBodyType": {
                  "fernFilepath": {
                    "allParts": [],
                    "packagePath": []
                  },
                  "name": {
                    "originalName": "createAUser_Response_200",
                    "camelCase": {
                      "unsafeName": "createAUserResponse200",
                      "safeName": "createAUserResponse200"
                    },
                    "snakeCase": {
                      "unsafeName": "create_a_user_response_200",
                      "safeName": "create_a_user_response_200"
                    },
                    "screamingSnakeCase": {
                      "unsafeName": "CREATE_A_USER_RESPONSE_200",
                      "safeName": "CREATE_A_USER_RESPONSE_200"
                    },
                    "pascalCase": {
                      "unsafeName": "CreateAUserResponse200",
                      "safeName": "CreateAUserResponse200"
                    }
                  },
                  "typeId": "createAUser_Response_200",
                  "inline": false,
                  "type": "named"
                },
                "docs": "User created successfully",
                "type": "response"
              },
              "type": "json"
            }
          },
          "errors": [],
          "auth": false,
          "userSpecifiedExamples": [],
          "autogeneratedExamples": [
            {
              "example": {
                "id": "a728ea42",
                "url": "/users",
                "endpointHeaders": [],
                "endpointPathParameters": [],
                "queryParameters": [],
                "servicePathParameters": [],
                "serviceHeaders": [],
                "rootPathParameters": [],
                "request": {
                  "jsonExample": {},
                  "properties": [
                    {
                      "name": {
                        "name": {
                          "originalName": "name",
                          "camelCase": {
                            "unsafeName": "name",
                            "safeName": "name"
                          },
                          "snakeCase": {
                            "unsafeName": "name",
                            "safeName": "name"
                          },
                          "screamingSnakeCase": {
                            "unsafeName": "NAME",
                            "safeName": "NAME"
                          },
                          "pascalCase": {
                            "unsafeName": "Name",
                            "safeName": "Name"
                          }
                        },
                        "wireValue": "name"
                      },
                      "value": {
                        "shape": {
                          "container": {
                            "valueType": {
                              "primitive": {
                                "v1": "STRING",
                                "v2": {
                                  "validation": {},
                                  "type": "string"
                                }
                              },
                              "type": "primitive"
                            },
                            "type": "optional"
                          },
                          "type": "container"
                        }
                      }
                    },
                    {
                      "name": {
                        "name": {
                          "originalName": "email",
                          "camelCase": {
                            "unsafeName": "email",
                            "safeName": "email"
                          },
                          "snakeCase": {
                            "unsafeName": "email",
                            "safeName": "email"
                          },
                          "screamingSnakeCase": {
                            "unsafeName": "EMAIL",
                            "safeName": "EMAIL"
                          },
                          "pascalCase": {
                            "unsafeName": "Email",
                            "safeName": "Email"
                          }
                        },
                        "wireValue": "email"
                      },
                      "value": {
                        "shape": {
                          "container": {
                            "valueType": {
                              "primitive": {
                                "v1": "STRING",
                                "v2": {
                                  "validation": {},
                                  "type": "string"
                                }
                              },
                              "type": "primitive"
                            },
                            "type": "optional"
                          },
                          "type": "container"
                        }
                      }
                    }
                  ],
                  "type": "inlinedRequestBody"
                },
                "response": {
                  "value": {
                    "value": {
                      "jsonExample": {
                        "id": "id",
                        "name": "name"
                      },
                      "shape": {
                        "shape": {
                          "properties": [
                            {
                              "name": {
                                "name": {
                                  "originalName": "id",
                                  "camelCase": {
                                    "unsafeName": "id",
                                    "safeName": "id"
                                  },
                                  "snakeCase": {
                                    "unsafeName": "id",
                                    "safeName": "id"
                                  },
                                  "screamingSnakeCase": {
                                    "unsafeName": "ID",
                                    "safeName": "ID"
                                  },
                                  "pascalCase": {
                                    "unsafeName": "Id",
                                    "safeName": "Id"
                                  }
                                },
                                "wireValue": "id"
                              },
                              "originalTypeDeclaration": {
                                "typeId": "createAUser_Response_200",
                                "fernFilepath": {
                                  "allParts": [],
                                  "packagePath": []
                                },
                                "name": {
                                  "originalName": "createAUser_Response_200",
                                  "camelCase": {
                                    "unsafeName": "createAUserResponse200",
                                    "safeName": "createAUserResponse200"
                                  },
                                  "snakeCase": {
                                    "unsafeName": "create_a_user_response_200",
                                    "safeName": "create_a_user_response_200"
                                  },
                                  "screamingSnakeCase": {
                                    "unsafeName": "CREATE_A_USER_RESPONSE_200",
                                    "safeName": "CREATE_A_USER_RESPONSE_200"
                                  },
                                  "pascalCase": {
                                    "unsafeName": "CreateAUserResponse200",
                                    "safeName": "CreateAUserResponse200"
                                  }
                                }
                              },
                              "value": {
                                "jsonExample": "id",
                                "shape": {
                                  "container": {
                                    "optional": {
                                      "jsonExample": "id",
                                      "shape": {
                                        "primitive": {
                                          "string": {
                                            "original": "id"
                                          },
                                          "type": "string"
                                        },
                                        "type": "primitive"
                                      }
                                    },
                                    "valueType": {
                                      "primitive": {
                                        "v1": "STRING",
                                        "v2": {
                                          "validation": {},
                                          "type": "string"
                                        }
                                      },
                                      "type": "primitive"
                                    },
                                    "type": "optional"
                                  },
                                  "type": "container"
                                }
                              }
                            },
                            {
                              "name": {
                                "name": {
                                  "originalName": "name",
                                  "camelCase": {
                                    "unsafeName": "name",
                                    "safeName": "name"
                                  },
                                  "snakeCase": {
                                    "unsafeName": "name",
                                    "safeName": "name"
                                  },
                                  "screamingSnakeCase": {
                                    "unsafeName": "NAME",
                                    "safeName": "NAME"
                                  },
                                  "pascalCase": {
                                    "unsafeName": "Name",
                                    "safeName": "Name"
                                  }
                                },
                                "wireValue": "name"
                              },
                              "originalTypeDeclaration": {
                                "typeId": "createAUser_Response_200",
                                "fernFilepath": {
                                  "allParts": [],
                                  "packagePath": []
                                },
                                "name": {
                                  "originalName": "createAUser_Response_200",
                                  "camelCase": {
                                    "unsafeName": "createAUserResponse200",
                                    "safeName": "createAUserResponse200"
                                  },
                                  "snakeCase": {
                                    "unsafeName": "create_a_user_response_200",
                                    "safeName": "create_a_user_response_200"
                                  },
                                  "screamingSnakeCase": {
                                    "unsafeName": "CREATE_A_USER_RESPONSE_200",
                                    "safeName": "CREATE_A_USER_RESPONSE_200"
                                  },
                                  "pascalCase": {
                                    "unsafeName": "CreateAUserResponse200",
                                    "safeName": "CreateAUserResponse200"
                                  }
                                }
                              },
                              "value": {
                                "jsonExample": "name",
                                "shape": {
                                  "container": {
                                    "optional": {
                                      "jsonExample": "name",
                                      "shape": {
                                        "primitive": {
                                          "string": {
                                            "original": "name"
                                          },
                                          "type": "string"
                                        },
                                        "type": "primitive"
                                      }
                                    },
                                    "valueType": {
                                      "primitive": {
                                        "v1": "STRING",
                                        "v2": {
                                          "validation": {},
                                          "type": "string"
                                        }
                                      },
                                      "type": "primitive"
                                    },
                                    "type": "optional"
                                  },
                                  "type": "container"
                                }
                              }
                            }
                          ],
                          "type": "object"
                        },
                        "typeName": {
                          "typeId": "createAUser_Response_200",
                          "fernFilepath": {
                            "allParts": [],
                            "packagePath": []
                          },
                          "name": {
                            "originalName": "createAUser_Response_200",
                            "camelCase": {
                              "unsafeName": "createAUserResponse200",
                              "safeName": "createAUserResponse200"
                            },
                            "snakeCase": {
                              "unsafeName": "create_a_user_response_200",
                              "safeName": "create_a_user_response_200"
                            },
                            "screamingSnakeCase": {
                              "unsafeName": "CREATE_A_USER_RESPONSE_200",
                              "safeName": "CREATE_A_USER_RESPONSE_200"
                            },
                            "pascalCase": {
                              "unsafeName": "CreateAUserResponse200",
                              "safeName": "CreateAUserResponse200"
                            }
                          }
                        },
                        "type": "named"
                      }
                    },
                    "type": "body"
                  },
                  "type": "ok"
                }
              }
            }
          ],
          "idempotent": false,
          "fullPath": {
            "head": "/users",
            "parts": []
          },
          "allPathParameters": [],
          "v2Examples": {
            "autogeneratedExamples": [],
            "userSpecifiedExamples": []
          }
        }
      ]
    }
  },
  "errors": {},
  "webhookGroups": {},
  "headers": [],
  "idempotencyHeaders": [],
  "pathParameters": [],
  "errorDiscriminationStrategy": {
    "type": "statusCode"
  },
  "variables": [],
  "serviceTypeReferenceInfo": {
    "sharedTypes": [],
    "typesReferencedOnlyByService": {}
  },
  "rootPackage": {
    "fernFilepath": {
      "allParts": [],
      "packagePath": []
    },
    "service": "service_",
    "types": [],
    "errors": [],
    "subpackages": [],
    "hasEndpointsInTree": false
  },
  "subpackages": {},
  "sdkConfig": {
    "hasFileDownloadEndpoints": false,
    "hasPaginatedEndpoints": false,
    "hasStreamingEndpoints": false,
    "isAuthMandatory": true,
    "platformHeaders": {
      "language": "",
      "sdkName": "",
      "sdkVersion": ""
    }
  },
  "apiName": {
    "originalName": "",
    "camelCase": {
      "unsafeName": "",
      "safeName": ""
    },
    "snakeCase": {
      "unsafeName": "",
      "safeName": ""
    },
    "screamingSnakeCase": {
      "unsafeName": "",
      "safeName": ""
    },
    "pascalCase": {
      "unsafeName": "",
      "safeName": ""
    }
  },
  "constants": {
    "errorInstanceIdKey": {
      "name": {
        "originalName": "errorInstanceId",
        "camelCase": {
          "unsafeName": "errorInstanceId",
          "safeName": "errorInstanceId"
        },
        "snakeCase": {
          "unsafeName": "error_instance_id",
          "safeName": "error_instance_id"
        },
        "screamingSnakeCase": {
          "unsafeName": "ERROR_INSTANCE_ID",
          "safeName": "ERROR_INSTANCE_ID"
        },
        "pascalCase": {
          "unsafeName": "ErrorInstanceId",
          "safeName": "ErrorInstanceId"
        }
      },
      "wireValue": "errorInstanceId"
    }
  }
}