{
  "auth": {
    "requirement": "ALL",
    "schemes": []
  },
  "selfHosted": false,
  "types": {
    "ActivityLevelOneOf": {
      "name": {
        "typeId": "ActivityLevelOneOf",
        "fernFilepath": {
          "allParts": [],
          "packagePath": []
        },
        "name": {
          "originalName": "ActivityLevelOneOf",
          "camelCase": {
            "unsafeName": "activityLevelOneOf",
            "safeName": "activityLevelOneOf"
          },
          "snakeCase": {
            "unsafeName": "activity_level_one_of",
            "safeName": "activity_level_one_of"
          },
          "screamingSnakeCase": {
            "unsafeName": "ACTIVITY_LEVEL_ONE_OF",
            "safeName": "ACTIVITY_LEVEL_ONE_OF"
          },
          "pascalCase": {
            "unsafeName": "ActivityLevelOneOf",
            "safeName": "ActivityLevelOneOf"
          }
        }
      },
      "shape": {
        "members": [
          {
            "type": {
              "type": "unknown"
            },
            "docs": "Activity level is unknown or could not be determined."
          },
          {
            "type": {
              "type": "unknown"
            },
            "docs": "User is at rest, with minimal to no physical activity."
          },
          {
            "type": {
              "type": "unknown"
            },
            "docs": "User is awake but inactive or sedentary."
          },
          {
            "type": {
              "type": "unknown"
            },
            "docs": "User is engaged in light physical activity such as casual walking."
          },
          {
            "type": {
              "type": "unknown"
            },
            "docs": "User is engaged in moderate physical activity such as brisk walking or light exercise."
          },
          {
            "type": {
              "type": "unknown"
            },
            "docs": "User is engaged in vigorous physical activity such as running or intense exercise."
          }
        ],
        "type": "undiscriminatedUnion"
      },
      "autogeneratedExamples": [],
      "userProvidedExamples": [],
      "docs": "Intensity of the user's activity at an instant in time",
      "referencedTypes": {},
      "inline": false,
      "v2Examples": {
        "userSpecifiedExamples": {
          "ActivityLevelOneOf_example_0": null
        },
        "autogeneratedExamples": {}
      }
    }
  },
  "services": {},
  "errors": {},
  "webhookGroups": {},
  "headers": [],
  "idempotencyHeaders": [],
  "pathParameters": [],
  "errorDiscriminationStrategy": {
    "type": "statusCode"
  },
  "variables": [],
  "serviceTypeReferenceInfo": {
    "sharedTypes": [],
    "typesReferencedOnlyByService": {}
  },
  "rootPackage": {
    "fernFilepath": {
      "allParts": [],
      "packagePath": []
    },
    "types": [
      "ActivityLevelOneOf"
    ],
    "errors": [],
    "subpackages": [],
    "hasEndpointsInTree": false
  },
  "subpackages": {},
  "sdkConfig": {
    "hasFileDownloadEndpoints": false,
    "hasPaginatedEndpoints": false,
    "hasStreamingEndpoints": false,
    "isAuthMandatory": true,
    "platformHeaders": {
      "language": "",
      "sdkName": "",
      "sdkVersion": ""
    }
  },
  "apiName": {
    "originalName": "",
    "camelCase": {
      "unsafeName": "",
      "safeName": ""
    },
    "snakeCase": {
      "unsafeName": "",
      "safeName": ""
    },
    "screamingSnakeCase": {
      "unsafeName": "",
      "safeName": ""
    },
    "pascalCase": {
      "unsafeName": "",
      "safeName": ""
    }
  },
  "constants": {
    "errorInstanceIdKey": {
      "name": {
        "originalName": "errorInstanceId",
        "camelCase": {
          "unsafeName": "errorInstanceId",
          "safeName": "errorInstanceId"
        },
        "snakeCase": {
          "unsafeName": "error_instance_id",
          "safeName": "error_instance_id"
        },
        "screamingSnakeCase": {
          "unsafeName": "ERROR_INSTANCE_ID",
          "safeName": "ERROR_INSTANCE_ID"
        },
        "pascalCase": {
          "unsafeName": "ErrorInstanceId",
          "safeName": "ErrorInstanceId"
        }
      },
      "wireValue": "errorInstanceId"
    }
  }
}