{
  "auth": {
    "requirement": "ALL",
    "schemes": []
  },
  "selfHosted": false,
  "types": {},
  "services": {
    "service_inventory": {
      "name": {
        "fernFilepath": {
          "allParts": [
            {
              "originalName": "inventory",
              "camelCase": {
                "unsafeName": "inventory",
                "safeName": "inventory"
              },
              "snakeCase": {
                "unsafeName": "inventory",
                "safeName": "inventory"
              },
              "screamingSnakeCase": {
                "unsafeName": "INVENTORY",
                "safeName": "INVENTORY"
              },
              "pascalCase": {
                "unsafeName": "Inventory",
                "safeName": "Inventory"
              }
            }
          ],
          "packagePath": [],
          "file": {
            "originalName": "inventory",
            "camelCase": {
              "unsafeName": "inventory",
              "safeName": "inventory"
            },
            "snakeCase": {
              "unsafeName": "inventory",
              "safeName": "inventory"
            },
            "screamingSnakeCase": {
              "unsafeName": "INVENTORY",
              "safeName": "INVENTORY"
            },
            "pascalCase": {
              "unsafeName": "Inventory",
              "safeName": "Inventory"
            }
          }
        }
      },
      "basePath": {
        "head": "",
        "parts": []
      },
      "headers": [],
      "pathParameters": [],
      "endpoints": [
        {
          "id": "inventory.list",
          "displayName": "List inventory",
          "method": "GET",
          "name": {
            "originalName": "list",
            "camelCase": {
              "unsafeName": "list",
              "safeName": "list"
            },
            "snakeCase": {
              "unsafeName": "list",
              "safeName": "list"
            },
            "screamingSnakeCase": {
              "unsafeName": "LIST",
              "safeName": "LIST"
            },
            "pascalCase": {
              "unsafeName": "List",
              "safeName": "List"
            }
          },
          "baseUrl": "https://api.com",
          "path": {
            "head": "/inventory",
            "parts": []
          },
          "pathParameters": [],
          "queryParameters": [],
          "headers": [],
          "errors": [],
          "auth": false,
          "docs": "Retrieve a list of inventory items",
          "userSpecifiedExamples": [],
          "autogeneratedExamples": [
            {
              "example": {
                "id": "154d0996",
                "url": "/inventory",
                "endpointHeaders": [],
                "endpointPathParameters": [],
                "queryParameters": [],
                "servicePathParameters": [],
                "serviceHeaders": [],
                "rootPathParameters": [],
                "response": {
                  "value": {
                    "type": "body"
                  },
                  "type": "ok"
                }
              }
            }
          ],
          "idempotent": false,
          "fullPath": {
            "head": "/inventory",
            "parts": []
          },
          "allPathParameters": [],
          "v2Examples": {
            "autogeneratedExamples": {
              "listExample": {
                "request": {
                  "endpoint": {
                    "method": "GET",
                    "path": "/inventory"
                  },
                  "environment": "https://api.com",
                  "pathParameters": {},
                  "queryParameters": {},
                  "headers": {}
                },
                "response": {}
              }
            },
            "userSpecifiedExamples": {}
          },
          "source": {
            "type": "openapi"
          }
        }
      ]
    }
  },
  "errors": {},
  "webhookGroups": {},
  "headers": [],
  "idempotencyHeaders": [],
  "pathParameters": [],
  "errorDiscriminationStrategy": {
    "type": "statusCode"
  },
  "variables": [],
  "serviceTypeReferenceInfo": {
    "sharedTypes": [],
    "typesReferencedOnlyByService": {}
  },
  "environments": {
    "defaultEnvironment": "https://api.com",
    "environments": {
      "environments": [
        {
          "id": "https://api.com",
          "name": {
            "originalName": "https://api.com",
            "camelCase": {
              "unsafeName": "httpsApiCom",
              "safeName": "httpsApiCom"
            },
            "snakeCase": {
              "unsafeName": "https_api_com",
              "safeName": "https_api_com"
            },
            "screamingSnakeCase": {
              "unsafeName": "HTTPS_API_COM",
              "safeName": "HTTPS_API_COM"
            },
            "pascalCase": {
              "unsafeName": "HttpsApiCom",
              "safeName": "HttpsApiCom"
            }
          },
          "url": "https://api.com"
        },
        {
          "id": "https://private.api.com",
          "name": {
            "originalName": "https://private.api.com",
            "camelCase": {
              "unsafeName": "httpsPrivateApiCom",
              "safeName": "httpsPrivateApiCom"
            },
            "snakeCase": {
              "unsafeName": "https_private_api_com",
              "safeName": "https_private_api_com"
            },
            "screamingSnakeCase": {
              "unsafeName": "HTTPS_PRIVATE_API_COM",
              "safeName": "HTTPS_PRIVATE_API_COM"
            },
            "pascalCase": {
              "unsafeName": "HttpsPrivateApiCom",
              "safeName": "HttpsPrivateApiCom"
            }
          },
          "url": "https://private.api.com"
        }
      ],
      "type": "singleBaseUrl"
    }
  },
  "rootPackage": {
    "fernFilepath": {
      "allParts": [],
      "packagePath": []
    },
    "types": [],
    "errors": [],
    "subpackages": [
      "subpackage_inventory"
    ],
    "hasEndpointsInTree": false
  },
  "subpackages": {
    "subpackage_inventory": {
      "name": {
        "originalName": "inventory",
        "camelCase": {
          "unsafeName": "inventory",
          "safeName": "inventory"
        },
        "snakeCase": {
          "unsafeName": "inventory",
          "safeName": "inventory"
        },
        "screamingSnakeCase": {
          "unsafeName": "INVENTORY",
          "safeName": "INVENTORY"
        },
        "pascalCase": {
          "unsafeName": "Inventory",
          "safeName": "Inventory"
        }
      },
      "fernFilepath": {
        "allParts": [
          {
            "originalName": "inventory",
            "camelCase": {
              "unsafeName": "inventory",
              "safeName": "inventory"
            },
            "snakeCase": {
              "unsafeName": "inventory",
              "safeName": "inventory"
            },
            "screamingSnakeCase": {
              "unsafeName": "INVENTORY",
              "safeName": "INVENTORY"
            },
            "pascalCase": {
              "unsafeName": "Inventory",
              "safeName": "Inventory"
            }
          }
        ],
        "packagePath": [],
        "file": {
          "originalName": "inventory",
          "camelCase": {
            "unsafeName": "inventory",
            "safeName": "inventory"
          },
          "snakeCase": {
            "unsafeName": "inventory",
            "safeName": "inventory"
          },
          "screamingSnakeCase": {
            "unsafeName": "INVENTORY",
            "safeName": "INVENTORY"
          },
          "pascalCase": {
            "unsafeName": "Inventory",
            "safeName": "Inventory"
          }
        }
      },
      "service": "service_inventory",
      "types": [],
      "errors": [],
      "subpackages": [],
      "hasEndpointsInTree": false
    }
  },
  "sdkConfig": {
    "hasFileDownloadEndpoints": false,
    "hasPaginatedEndpoints": false,
    "hasStreamingEndpoints": false,
    "isAuthMandatory": true,
    "platformHeaders": {
      "language": "",
      "sdkName": "",
      "sdkVersion": ""
    }
  },
  "apiName": {
    "originalName": "",
    "camelCase": {
      "unsafeName": "",
      "safeName": ""
    },
    "snakeCase": {
      "unsafeName": "",
      "safeName": ""
    },
    "screamingSnakeCase": {
      "unsafeName": "",
      "safeName": ""
    },
    "pascalCase": {
      "unsafeName": "",
      "safeName": ""
    }
  },
  "constants": {
    "errorInstanceIdKey": {
      "name": {
        "originalName": "errorInstanceId",
        "camelCase": {
          "unsafeName": "errorInstanceId",
          "safeName": "errorInstanceId"
        },
        "snakeCase": {
          "unsafeName": "error_instance_id",
          "safeName": "error_instance_id"
        },
        "screamingSnakeCase": {
          "unsafeName": "ERROR_INSTANCE_ID",
          "safeName": "ERROR_INSTANCE_ID"
        },
        "pascalCase": {
          "unsafeName": "ErrorInstanceId",
          "safeName": "ErrorInstanceId"
        }
      },
      "wireValue": "errorInstanceId"
    }
  }
}