{
  "apiName": {
    "originalName": "api",
    "camelCase": {
      "unsafeName": "api",
      "safeName": "api"
    },
    "snakeCase": {
      "unsafeName": "api",
      "safeName": "api"
    },
    "screamingSnakeCase": {
      "unsafeName": "API",
      "safeName": "API"
    },
    "pascalCase": {
      "unsafeName": "API",
      "safeName": "API"
    }
  },
  "apiDisplayName": "Readonly Properties API",
  "auth": {
    "requirement": "ALL",
    "schemes": []
  },
  "headers": [],
  "idempotencyHeaders": [],
  "types": {
    "type_:PostUsersResponse": {
      "name": {
        "name": {
          "originalName": "PostUsersResponse",
          "camelCase": {
            "unsafeName": "postUsersResponse",
            "safeName": "postUsersResponse"
          },
          "snakeCase": {
            "unsafeName": "post_users_response",
            "safeName": "post_users_response"
          },
          "screamingSnakeCase": {
            "unsafeName": "POST_USERS_RESPONSE",
            "safeName": "POST_USERS_RESPONSE"
          },
          "pascalCase": {
            "unsafeName": "PostUsersResponse",
            "safeName": "PostUsersResponse"
          }
        },
        "fernFilepath": {
          "allParts": [],
          "packagePath": []
        },
        "typeId": "type_:PostUsersResponse"
      },
      "shape": {
        "extends": [],
        "properties": [
          {
            "name": {
              "name": {
                "originalName": "id",
                "camelCase": {
                  "unsafeName": "id",
                  "safeName": "id"
                },
                "snakeCase": {
                  "unsafeName": "id",
                  "safeName": "id"
                },
                "screamingSnakeCase": {
                  "unsafeName": "ID",
                  "safeName": "ID"
                },
                "pascalCase": {
                  "unsafeName": "ID",
                  "safeName": "ID"
                }
              },
              "wireValue": "id"
            },
            "valueType": {
              "container": {
                "optional": {
                  "primitive": {
                    "v1": "STRING",
                    "v2": {
                      "type": "string"
                    }
                  },
                  "type": "primitive"
                },
                "type": "optional"
              },
              "type": "container"
            }
          },
          {
            "name": {
              "name": {
                "originalName": "name",
                "camelCase": {
                  "unsafeName": "name",
                  "safeName": "name"
                },
                "snakeCase": {
                  "unsafeName": "name",
                  "safeName": "name"
                },
                "screamingSnakeCase": {
                  "unsafeName": "NAME",
                  "safeName": "NAME"
                },
                "pascalCase": {
                  "unsafeName": "Name",
                  "safeName": "Name"
                }
              },
              "wireValue": "name"
            },
            "valueType": {
              "container": {
                "optional": {
                  "primitive": {
                    "v1": "STRING",
                    "v2": {
                      "type": "string"
                    }
                  },
                  "type": "primitive"
                },
                "type": "optional"
              },
              "type": "container"
            }
          }
        ],
        "extraProperties": false,
        "extendedProperties": [],
        "type": "object"
      },
      "referencedTypes": {},
      "encoding": {
        "json": {}
      },
      "userProvidedExamples": [],
      "autogeneratedExamples": []
    }
  },
  "errors": {},
  "services": {
    "service_": {
      "name": {
        "fernFilepath": {
          "allParts": [],
          "packagePath": []
        }
      },
      "basePath": {
        "head": "",
        "parts": []
      },
      "headers": [],
      "pathParameters": [],
      "encoding": {
        "json": {}
      },
      "transport": {
        "type": "http"
      },
      "endpoints": [
        {
          "id": "endpoint_.createAUser",
          "name": {
            "originalName": "createAUser",
            "camelCase": {
              "unsafeName": "createAUser",
              "safeName": "createAUser"
            },
            "snakeCase": {
              "unsafeName": "create_a_user",
              "safeName": "create_a_user"
            },
            "screamingSnakeCase": {
              "unsafeName": "CREATE_A_USER",
              "safeName": "CREATE_A_USER"
            },
            "pascalCase": {
              "unsafeName": "CreateAUser",
              "safeName": "CreateAUser"
            }
          },
          "displayName": "Create a user",
          "auth": false,
          "idempotent": false,
          "method": "POST",
          "path": {
            "head": "/users",
            "parts": []
          },
          "fullPath": {
            "head": "users",
            "parts": []
          },
          "pathParameters": [],
          "allPathParameters": [],
          "queryParameters": [],
          "headers": [],
          "requestBody": {
            "name": {
              "originalName": "PostUsersRequest",
              "camelCase": {
                "unsafeName": "postUsersRequest",
                "safeName": "postUsersRequest"
              },
              "snakeCase": {
                "unsafeName": "post_users_request",
                "safeName": "post_users_request"
              },
              "screamingSnakeCase": {
                "unsafeName": "POST_USERS_REQUEST",
                "safeName": "POST_USERS_REQUEST"
              },
              "pascalCase": {
                "unsafeName": "PostUsersRequest",
                "safeName": "PostUsersRequest"
              }
            },
            "extends": [],
            "contentType": "application/json",
            "properties": [
              {
                "name": {
                  "name": {
                    "originalName": "name",
                    "camelCase": {
                      "unsafeName": "name",
                      "safeName": "name"
                    },
                    "snakeCase": {
                      "unsafeName": "name",
                      "safeName": "name"
                    },
                    "screamingSnakeCase": {
                      "unsafeName": "NAME",
                      "safeName": "NAME"
                    },
                    "pascalCase": {
                      "unsafeName": "Name",
                      "safeName": "Name"
                    }
                  },
                  "wireValue": "name"
                },
                "valueType": {
                  "container": {
                    "optional": {
                      "primitive": {
                        "v1": "STRING",
                        "v2": {
                          "type": "string"
                        }
                      },
                      "type": "primitive"
                    },
                    "type": "optional"
                  },
                  "type": "container"
                }
              },
              {
                "name": {
                  "name": {
                    "originalName": "email",
                    "camelCase": {
                      "unsafeName": "email",
                      "safeName": "email"
                    },
                    "snakeCase": {
                      "unsafeName": "email",
                      "safeName": "email"
                    },
                    "screamingSnakeCase": {
                      "unsafeName": "EMAIL",
                      "safeName": "EMAIL"
                    },
                    "pascalCase": {
                      "unsafeName": "Email",
                      "safeName": "Email"
                    }
                  },
                  "wireValue": "email"
                },
                "valueType": {
                  "container": {
                    "optional": {
                      "primitive": {
                        "v1": "STRING",
                        "v2": {
                          "type": "string"
                        }
                      },
                      "type": "primitive"
                    },
                    "type": "optional"
                  },
                  "type": "container"
                }
              }
            ],
            "extraProperties": false,
            "extendedProperties": [],
            "type": "inlinedRequestBody"
          },
          "sdkRequest": {
            "shape": {
              "wrapperName": {
                "originalName": "PostUsersRequest",
                "camelCase": {
                  "unsafeName": "postUsersRequest",
                  "safeName": "postUsersRequest"
                },
                "snakeCase": {
                  "unsafeName": "post_users_request",
                  "safeName": "post_users_request"
                },
                "screamingSnakeCase": {
                  "unsafeName": "POST_USERS_REQUEST",
                  "safeName": "POST_USERS_REQUEST"
                },
                "pascalCase": {
                  "unsafeName": "PostUsersRequest",
                  "safeName": "PostUsersRequest"
                }
              },
              "bodyKey": {
                "originalName": "body",
                "camelCase": {
                  "unsafeName": "body",
                  "safeName": "body"
                },
                "snakeCase": {
                  "unsafeName": "body",
                  "safeName": "body"
                },
                "screamingSnakeCase": {
                  "unsafeName": "BODY",
                  "safeName": "BODY"
                },
                "pascalCase": {
                  "unsafeName": "Body",
                  "safeName": "Body"
                }
              },
              "includePathParameters": false,
              "onlyPathParameters": false,
              "type": "wrapper"
            },
            "requestParameterName": {
              "originalName": "request",
              "camelCase": {
                "unsafeName": "request",
                "safeName": "request"
              },
              "snakeCase": {
                "unsafeName": "request",
                "safeName": "request"
              },
              "screamingSnakeCase": {
                "unsafeName": "REQUEST",
                "safeName": "REQUEST"
              },
              "pascalCase": {
                "unsafeName": "Request",
                "safeName": "Request"
              }
            }
          },
          "response": {
            "body": {
              "value": {
                "docs": "User created successfully",
                "responseBodyType": {
                  "name": {
                    "originalName": "PostUsersResponse",
                    "camelCase": {
                      "unsafeName": "postUsersResponse",
                      "safeName": "postUsersResponse"
                    },
                    "snakeCase": {
                      "unsafeName": "post_users_response",
                      "safeName": "post_users_response"
                    },
                    "screamingSnakeCase": {
                      "unsafeName": "POST_USERS_RESPONSE",
                      "safeName": "POST_USERS_RESPONSE"
                    },
                    "pascalCase": {
                      "unsafeName": "PostUsersResponse",
                      "safeName": "PostUsersResponse"
                    }
                  },
                  "fernFilepath": {
                    "allParts": [],
                    "packagePath": []
                  },
                  "typeId": "type_:PostUsersResponse",
                  "type": "named"
                },
                "type": "response"
              },
              "type": "json"
            },
            "statusCode": 200
          },
          "errors": [],
          "userSpecifiedExamples": [],
          "autogeneratedExamples": []
        }
      ]
    }
  },
  "constants": {
    "errorInstanceIdKey": {
      "name": {
        "originalName": "errorInstanceId",
        "camelCase": {
          "unsafeName": "errorInstanceID",
          "safeName": "errorInstanceID"
        },
        "snakeCase": {
          "unsafeName": "error_instance_id",
          "safeName": "error_instance_id"
        },
        "screamingSnakeCase": {
          "unsafeName": "ERROR_INSTANCE_ID",
          "safeName": "ERROR_INSTANCE_ID"
        },
        "pascalCase": {
          "unsafeName": "ErrorInstanceID",
          "safeName": "ErrorInstanceID"
        }
      },
      "wireValue": "errorInstanceId"
    }
  },
  "errorDiscriminationStrategy": {
    "type": "statusCode"
  },
  "pathParameters": [],
  "variables": [],
  "serviceTypeReferenceInfo": {
    "typesReferencedOnlyByService": {
      "service_": [
        "type_:PostUsersResponse"
      ]
    },
    "sharedTypes": []
  },
  "webhookGroups": {},
  "websocketChannels": {},
  "dynamic": {
    "version": "1.0.0",
    "types": {
      "type_:PostUsersResponse": {
        "declaration": {
          "name": {
            "originalName": "PostUsersResponse",
            "camelCase": {
              "unsafeName": "postUsersResponse",
              "safeName": "postUsersResponse"
            },
            "snakeCase": {
              "unsafeName": "post_users_response",
              "safeName": "post_users_response"
            },
            "screamingSnakeCase": {
              "unsafeName": "POST_USERS_RESPONSE",
              "safeName": "POST_USERS_RESPONSE"
            },
            "pascalCase": {
              "unsafeName": "PostUsersResponse",
              "safeName": "PostUsersResponse"
            }
          },
          "fernFilepath": {
            "allParts": [],
            "packagePath": []
          }
        },
        "properties": [
          {
            "name": {
              "name": {
                "originalName": "id",
                "camelCase": {
                  "unsafeName": "id",
                  "safeName": "id"
                },
                "snakeCase": {
                  "unsafeName": "id",
                  "safeName": "id"
                },
                "screamingSnakeCase": {
                  "unsafeName": "ID",
                  "safeName": "ID"
                },
                "pascalCase": {
                  "unsafeName": "ID",
                  "safeName": "ID"
                }
              },
              "wireValue": "id"
            },
            "typeReference": {
              "value": {
                "value": "STRING",
                "type": "primitive"
              },
              "type": "optional"
            }
          },
          {
            "name": {
              "name": {
                "originalName": "name",
                "camelCase": {
                  "unsafeName": "name",
                  "safeName": "name"
                },
                "snakeCase": {
                  "unsafeName": "name",
                  "safeName": "name"
                },
                "screamingSnakeCase": {
                  "unsafeName": "NAME",
                  "safeName": "NAME"
                },
                "pascalCase": {
                  "unsafeName": "Name",
                  "safeName": "Name"
                }
              },
              "wireValue": "name"
            },
            "typeReference": {
              "value": {
                "value": "STRING",
                "type": "primitive"
              },
              "type": "optional"
            }
          }
        ],
        "additionalProperties": false,
        "type": "object"
      }
    },
    "headers": [],
    "endpoints": {
      "endpoint_.createAUser": {
        "declaration": {
          "name": {
            "originalName": "createAUser",
            "camelCase": {
              "unsafeName": "createAUser",
              "safeName": "createAUser"
            },
            "snakeCase": {
              "unsafeName": "create_a_user",
              "safeName": "create_a_user"
            },
            "screamingSnakeCase": {
              "unsafeName": "CREATE_A_USER",
              "safeName": "CREATE_A_USER"
            },
            "pascalCase": {
              "unsafeName": "CreateAUser",
              "safeName": "CreateAUser"
            }
          },
          "fernFilepath": {
            "allParts": [],
            "packagePath": []
          }
        },
        "location": {
          "method": "POST",
          "path": "/users"
        },
        "request": {
          "declaration": {
            "name": {
              "originalName": "PostUsersRequest",
              "camelCase": {
                "unsafeName": "postUsersRequest",
                "safeName": "postUsersRequest"
              },
              "snakeCase": {
                "unsafeName": "post_users_request",
                "safeName": "post_users_request"
              },
              "screamingSnakeCase": {
                "unsafeName": "POST_USERS_REQUEST",
                "safeName": "POST_USERS_REQUEST"
              },
              "pascalCase": {
                "unsafeName": "PostUsersRequest",
                "safeName": "PostUsersRequest"
              }
            },
            "fernFilepath": {
              "allParts": [],
              "packagePath": []
            }
          },
          "pathParameters": [],
          "queryParameters": [],
          "headers": [],
          "body": {
            "value": [
              {
                "name": {
                  "name": {
                    "originalName": "name",
                    "camelCase": {
                      "unsafeName": "name",
                      "safeName": "name"
                    },
                    "snakeCase": {
                      "unsafeName": "name",
                      "safeName": "name"
                    },
                    "screamingSnakeCase": {
                      "unsafeName": "NAME",
                      "safeName": "NAME"
                    },
                    "pascalCase": {
                      "unsafeName": "Name",
                      "safeName": "Name"
                    }
                  },
                  "wireValue": "name"
                },
                "typeReference": {
                  "value": {
                    "value": "STRING",
                    "type": "primitive"
                  },
                  "type": "optional"
                }
              },
              {
                "name": {
                  "name": {
                    "originalName": "email",
                    "camelCase": {
                      "unsafeName": "email",
                      "safeName": "email"
                    },
                    "snakeCase": {
                      "unsafeName": "email",
                      "safeName": "email"
                    },
                    "screamingSnakeCase": {
                      "unsafeName": "EMAIL",
                      "safeName": "EMAIL"
                    },
                    "pascalCase": {
                      "unsafeName": "Email",
                      "safeName": "Email"
                    }
                  },
                  "wireValue": "email"
                },
                "typeReference": {
                  "value": {
                    "value": "STRING",
                    "type": "primitive"
                  },
                  "type": "optional"
                }
              }
            ],
            "type": "properties"
          },
          "metadata": {
            "includePathParameters": false,
            "onlyPathParameters": false
          },
          "type": "inlined"
        },
        "response": {
          "type": "json"
        },
        "examples": []
      }
    },
    "pathParameters": []
  },
  "subpackages": {},
  "rootPackage": {
    "fernFilepath": {
      "allParts": [],
      "packagePath": []
    },
    "service": "service_",
    "types": [
      "type_:PostUsersResponse"
    ],
    "errors": [],
    "subpackages": [],
    "hasEndpointsInTree": true
  },
  "sdkConfig": {
    "isAuthMandatory": false,
    "hasStreamingEndpoints": false,
    "hasPaginatedEndpoints": false,
    "hasFileDownloadEndpoints": false,
    "platformHeaders": {
      "language": "X-Fern-Language",
      "sdkName": "X-Fern-SDK-Name",
      "sdkVersion": "X-Fern-SDK-Version"
    }
  }
}