{
  "apiName": {
    "originalName": "api",
    "camelCase": {
      "unsafeName": "api",
      "safeName": "api"
    },
    "snakeCase": {
      "unsafeName": "api",
      "safeName": "api"
    },
    "screamingSnakeCase": {
      "unsafeName": "API",
      "safeName": "API"
    },
    "pascalCase": {
      "unsafeName": "API",
      "safeName": "API"
    }
  },
  "apiDisplayName": "URL Reference API",
  "auth": {
    "requirement": "ALL",
    "schemes": []
  },
  "headers": [],
  "idempotencyHeaders": [],
  "types": {
    "type_:": {
      "name": {
        "name": {
          "originalName": "",
          "camelCase": {
            "unsafeName": "",
            "safeName": ""
          },
          "snakeCase": {
            "unsafeName": "",
            "safeName": ""
          },
          "screamingSnakeCase": {
            "unsafeName": "",
            "safeName": ""
          },
          "pascalCase": {
            "unsafeName": "",
            "safeName": ""
          }
        },
        "fernFilepath": {
          "allParts": [],
          "packagePath": []
        },
        "typeId": "type_:"
      },
      "shape": {
        "aliasOf": {
          "type": "unknown"
        },
        "resolvedType": {
          "type": "unknown"
        },
        "type": "alias"
      },
      "referencedTypes": {},
      "encoding": {
        "json": {}
      },
      "userProvidedExamples": [],
      "autogeneratedExamples": []
    }
  },
  "errors": {},
  "services": {
    "service_order": {
      "name": {
        "fernFilepath": {
          "allParts": [
            {
              "originalName": "order",
              "camelCase": {
                "unsafeName": "order",
                "safeName": "order"
              },
              "snakeCase": {
                "unsafeName": "order",
                "safeName": "order"
              },
              "screamingSnakeCase": {
                "unsafeName": "ORDER",
                "safeName": "ORDER"
              },
              "pascalCase": {
                "unsafeName": "Order",
                "safeName": "Order"
              }
            }
          ],
          "packagePath": [],
          "file": {
            "originalName": "order",
            "camelCase": {
              "unsafeName": "order",
              "safeName": "order"
            },
            "snakeCase": {
              "unsafeName": "order",
              "safeName": "order"
            },
            "screamingSnakeCase": {
              "unsafeName": "ORDER",
              "safeName": "ORDER"
            },
            "pascalCase": {
              "unsafeName": "Order",
              "safeName": "Order"
            }
          }
        }
      },
      "basePath": {
        "head": "",
        "parts": []
      },
      "headers": [],
      "pathParameters": [],
      "encoding": {
        "json": {}
      },
      "transport": {
        "type": "http"
      },
      "endpoints": [
        {
          "id": "endpoint_order.getAnOrder",
          "name": {
            "originalName": "getAnOrder",
            "camelCase": {
              "unsafeName": "getAnOrder",
              "safeName": "getAnOrder"
            },
            "snakeCase": {
              "unsafeName": "get_an_order",
              "safeName": "get_an_order"
            },
            "screamingSnakeCase": {
              "unsafeName": "GET_AN_ORDER",
              "safeName": "GET_AN_ORDER"
            },
            "pascalCase": {
              "unsafeName": "GetAnOrder",
              "safeName": "GetAnOrder"
            }
          },
          "displayName": "Get an order",
          "auth": false,
          "idempotent": false,
          "method": "GET",
          "path": {
            "head": "/order",
            "parts": []
          },
          "fullPath": {
            "head": "order",
            "parts": []
          },
          "pathParameters": [],
          "allPathParameters": [],
          "queryParameters": [],
          "headers": [],
          "response": {
            "body": {
              "value": {
                "docs": "An order object",
                "responseBodyType": {
                  "name": {
                    "originalName": "",
                    "camelCase": {
                      "unsafeName": "",
                      "safeName": ""
                    },
                    "snakeCase": {
                      "unsafeName": "",
                      "safeName": ""
                    },
                    "screamingSnakeCase": {
                      "unsafeName": "",
                      "safeName": ""
                    },
                    "pascalCase": {
                      "unsafeName": "",
                      "safeName": ""
                    }
                  },
                  "fernFilepath": {
                    "allParts": [],
                    "packagePath": []
                  },
                  "typeId": "type_:",
                  "type": "named"
                },
                "type": "response"
              },
              "type": "json"
            },
            "statusCode": 200
          },
          "errors": [],
          "userSpecifiedExamples": [],
          "autogeneratedExamples": []
        }
      ]
    }
  },
  "constants": {
    "errorInstanceIdKey": {
      "name": {
        "originalName": "errorInstanceId",
        "camelCase": {
          "unsafeName": "errorInstanceID",
          "safeName": "errorInstanceID"
        },
        "snakeCase": {
          "unsafeName": "error_instance_id",
          "safeName": "error_instance_id"
        },
        "screamingSnakeCase": {
          "unsafeName": "ERROR_INSTANCE_ID",
          "safeName": "ERROR_INSTANCE_ID"
        },
        "pascalCase": {
          "unsafeName": "ErrorInstanceID",
          "safeName": "ErrorInstanceID"
        }
      },
      "wireValue": "errorInstanceId"
    }
  },
  "errorDiscriminationStrategy": {
    "type": "statusCode"
  },
  "pathParameters": [],
  "variables": [],
  "serviceTypeReferenceInfo": {
    "typesReferencedOnlyByService": {
      "service_order": [
        "type_:"
      ]
    },
    "sharedTypes": []
  },
  "webhookGroups": {},
  "websocketChannels": {},
  "dynamic": {
    "version": "1.0.0",
    "types": {
      "type_:": {
        "declaration": {
          "name": {
            "originalName": "",
            "camelCase": {
              "unsafeName": "",
              "safeName": ""
            },
            "snakeCase": {
              "unsafeName": "",
              "safeName": ""
            },
            "screamingSnakeCase": {
              "unsafeName": "",
              "safeName": ""
            },
            "pascalCase": {
              "unsafeName": "",
              "safeName": ""
            }
          },
          "fernFilepath": {
            "allParts": [],
            "packagePath": []
          }
        },
        "typeReference": {
          "type": "unknown"
        },
        "type": "alias"
      }
    },
    "headers": [],
    "endpoints": {
      "endpoint_order.getAnOrder": {
        "declaration": {
          "name": {
            "originalName": "getAnOrder",
            "camelCase": {
              "unsafeName": "getAnOrder",
              "safeName": "getAnOrder"
            },
            "snakeCase": {
              "unsafeName": "get_an_order",
              "safeName": "get_an_order"
            },
            "screamingSnakeCase": {
              "unsafeName": "GET_AN_ORDER",
              "safeName": "GET_AN_ORDER"
            },
            "pascalCase": {
              "unsafeName": "GetAnOrder",
              "safeName": "GetAnOrder"
            }
          },
          "fernFilepath": {
            "allParts": [
              {
                "originalName": "order",
                "camelCase": {
                  "unsafeName": "order",
                  "safeName": "order"
                },
                "snakeCase": {
                  "unsafeName": "order",
                  "safeName": "order"
                },
                "screamingSnakeCase": {
                  "unsafeName": "ORDER",
                  "safeName": "ORDER"
                },
                "pascalCase": {
                  "unsafeName": "Order",
                  "safeName": "Order"
                }
              }
            ],
            "packagePath": [],
            "file": {
              "originalName": "order",
              "camelCase": {
                "unsafeName": "order",
                "safeName": "order"
              },
              "snakeCase": {
                "unsafeName": "order",
                "safeName": "order"
              },
              "screamingSnakeCase": {
                "unsafeName": "ORDER",
                "safeName": "ORDER"
              },
              "pascalCase": {
                "unsafeName": "Order",
                "safeName": "Order"
              }
            }
          }
        },
        "location": {
          "method": "GET",
          "path": "/order"
        },
        "request": {
          "pathParameters": [],
          "type": "body"
        },
        "response": {
          "type": "json"
        },
        "examples": []
      }
    },
    "pathParameters": []
  },
  "subpackages": {
    "subpackage_order": {
      "fernFilepath": {
        "allParts": [
          {
            "originalName": "order",
            "camelCase": {
              "unsafeName": "order",
              "safeName": "order"
            },
            "snakeCase": {
              "unsafeName": "order",
              "safeName": "order"
            },
            "screamingSnakeCase": {
              "unsafeName": "ORDER",
              "safeName": "ORDER"
            },
            "pascalCase": {
              "unsafeName": "Order",
              "safeName": "Order"
            }
          }
        ],
        "packagePath": [],
        "file": {
          "originalName": "order",
          "camelCase": {
            "unsafeName": "order",
            "safeName": "order"
          },
          "snakeCase": {
            "unsafeName": "order",
            "safeName": "order"
          },
          "screamingSnakeCase": {
            "unsafeName": "ORDER",
            "safeName": "ORDER"
          },
          "pascalCase": {
            "unsafeName": "Order",
            "safeName": "Order"
          }
        }
      },
      "name": {
        "originalName": "order",
        "camelCase": {
          "unsafeName": "order",
          "safeName": "order"
        },
        "snakeCase": {
          "unsafeName": "order",
          "safeName": "order"
        },
        "screamingSnakeCase": {
          "unsafeName": "ORDER",
          "safeName": "ORDER"
        },
        "pascalCase": {
          "unsafeName": "Order",
          "safeName": "Order"
        }
      },
      "service": "service_order",
      "types": [],
      "errors": [],
      "subpackages": [],
      "hasEndpointsInTree": true
    }
  },
  "rootPackage": {
    "fernFilepath": {
      "allParts": [],
      "packagePath": []
    },
    "types": [
      "type_:"
    ],
    "errors": [],
    "subpackages": [
      "subpackage_order"
    ],
    "hasEndpointsInTree": true
  },
  "sdkConfig": {
    "isAuthMandatory": false,
    "hasStreamingEndpoints": false,
    "hasPaginatedEndpoints": false,
    "hasFileDownloadEndpoints": false,
    "platformHeaders": {
      "language": "X-Fern-Language",
      "sdkName": "X-Fern-SDK-Name",
      "sdkVersion": "X-Fern-SDK-Version"
    }
  }
}