// Jest Snapshot v1, https://goo.gl/fbAQLP

exports[`converts to api reference node 1`] = `
{
  "apiDefinitionId": "550e8400-e29b-41d4-a716-446655440000",
  "availability": undefined,
  "changelog": undefined,
  "children": [
    {
      "apiDefinitionId": "550e8400-e29b-41d4-a716-446655440000",
      "availability": undefined,
      "children": [
        {
          "apiDefinitionId": "550e8400-e29b-41d4-a716-446655440000",
          "availability": undefined,
          "endpointId": "endpoint_imdb.deleteMovie",
          "hidden": undefined,
          "icon": undefined,
          "id": "550e8400-e29b-41d4-a716-446655440000.deleteMovie",
          "isResponseStream": false,
          "method": "DELETE",
          "slug": "base/path/api-reference/testing/delete-movie",
          "title": "Delete Movie",
          "type": "endpoint",
        },
        {
          "apiDefinitionId": "550e8400-e29b-41d4-a716-446655440000",
          "availability": undefined,
          "endpointId": "endpoint_imdb.getMovie",
          "hidden": undefined,
          "icon": undefined,
          "id": "550e8400-e29b-41d4-a716-446655440000.getMovie",
          "isResponseStream": false,
          "method": "GET",
          "slug": "base/path/api-reference/testing/get-movie",
          "title": "Get Movie",
          "type": "endpoint",
        },
      ],
      "hidden": undefined,
      "icon": undefined,
      "id": "550e8400-e29b-41d4-a716-446655440000.testing",
      "overviewPageId": undefined,
      "pointsTo": "base/path/api-reference/testing/delete-movie",
      "slug": "base/path/api-reference/testing",
      "title": "Testing",
      "type": "apiPackage",
    },
    {
      "apiDefinitionId": "550e8400-e29b-41d4-a716-446655440000",
      "availability": undefined,
      "children": [
        {
          "apiDefinitionId": "550e8400-e29b-41d4-a716-446655440000",
          "availability": undefined,
          "endpointId": "endpoint_imdb.createMovie",
          "hidden": undefined,
          "icon": undefined,
          "id": "550e8400-e29b-41d4-a716-446655440000.subpackage_imdb.createMovie",
          "isResponseStream": false,
          "method": "POST",
          "slug": "base/path/api-reference/imdb/create-movie",
          "title": "Create Movie",
          "type": "endpoint",
        },
      ],
      "hidden": undefined,
      "icon": undefined,
      "id": "550e8400-e29b-41d4-a716-446655440000.subpackage_imdb",
      "overviewPageId": undefined,
      "pointsTo": "base/path/api-reference/imdb/create-movie",
      "slug": "base/path/api-reference/imdb",
      "title": "Imdb",
      "type": "apiPackage",
    },
  ],
  "disableLongScrolling": false,
  "hidden": undefined,
  "hideTitle": false,
  "icon": undefined,
  "id": "550e8400-e29b-41d4-a716-446655440000",
  "overviewPageId": undefined,
  "pointsTo": "base/path/api-reference/testing/delete-movie",
  "showErrors": false,
  "slug": "base/path/api-reference",
  "title": "API Reference",
  "type": "apiReference",
}
`;

exports[`converts to api reference node 2`] = `
Map {
  "POST /movies/create-movie" => {
    "authed": false,
    "availability": undefined,
    "defaultEnvironment": undefined,
    "description": "Add a movie to the database",
    "environments": [],
    "errors": [],
    "errorsV2": [],
    "examples": [
      {
        "codeExamples": {
          "goSdk": undefined,
          "nodeAxios": "",
          "pythonSdk": undefined,
          "rubySdk": undefined,
          "typescriptSdk": undefined,
        },
        "codeSamples": [],
        "description": undefined,
        "headers": {},
        "name": undefined,
        "path": "/movies/create-movie",
        "pathParameters": {},
        "queryParameters": {},
        "requestBody": undefined,
        "requestBodyV3": {
          "type": "json",
          "value": {
            "rating": 1,
            "title": "string",
          },
        },
        "responseBody": undefined,
        "responseBodyV3": {
          "type": "json",
          "value": "string",
        },
        "responseStatusCode": 200,
      },
    ],
    "headers": [],
    "id": "createMovie",
    "method": "POST",
    "migratedFromUrlSlugs": undefined,
    "name": "Create Movie",
    "originalEndpointId": "endpoint_imdb.createMovie",
    "path": {
      "parts": [
        {
          "type": "literal",
          "value": "/movies",
        },
        {
          "type": "literal",
          "value": "/create-movie",
        },
      ],
      "pathParameters": [],
    },
    "queryParameters": [],
    "request": {
      "contentType": "application/json",
      "description": undefined,
      "type": {
        "type": "reference",
        "value": {
          "type": "id",
          "value": "type_imdb:CreateMovieRequest",
        },
      },
    },
    "response": {
      "statusCode": undefined,
      "type": {
        "type": "reference",
        "value": {
          "type": "id",
          "value": "type_imdb:MovieId",
        },
      },
    },
    "snippetTemplates": undefined,
    "urlSlug": "create-movie",
  },
  "GET /movies/{id}" => {
    "authed": false,
    "availability": undefined,
    "defaultEnvironment": undefined,
    "description": "Retrieve a movie from the database based on the ID",
    "environments": [],
    "errors": [],
    "errorsV2": [
      {
        "description": undefined,
        "examples": [],
        "name": undefined,
        "statusCode": 404,
        "type": {
          "type": "alias",
          "value": {
            "type": "id",
            "value": "type_imdb:MovieId",
          },
        },
      },
    ],
    "examples": [
      {
        "codeExamples": {
          "goSdk": undefined,
          "nodeAxios": "",
          "pythonSdk": undefined,
          "rubySdk": undefined,
          "typescriptSdk": undefined,
        },
        "codeSamples": [],
        "description": undefined,
        "headers": {},
        "name": undefined,
        "path": "/movies/tt0111161",
        "pathParameters": {
          "id": "tt0111161",
        },
        "queryParameters": {},
        "requestBody": undefined,
        "requestBodyV3": undefined,
        "responseBody": {
          "id": "tt0111161",
          "rating": 9.3,
          "title": "The Shawshank Redemption",
        },
        "responseBodyV3": {
          "type": "json",
          "value": {
            "id": "tt0111161",
            "rating": 9.3,
            "title": "The Shawshank Redemption",
          },
        },
        "responseStatusCode": 200,
      },
      {
        "codeExamples": {
          "goSdk": undefined,
          "nodeAxios": "",
          "pythonSdk": undefined,
          "rubySdk": undefined,
          "typescriptSdk": undefined,
        },
        "codeSamples": [],
        "description": undefined,
        "headers": {},
        "name": undefined,
        "path": "/movies/tt1234",
        "pathParameters": {
          "id": "tt1234",
        },
        "queryParameters": {},
        "requestBody": undefined,
        "requestBodyV3": undefined,
        "responseBody": "tt1234",
        "responseBodyV3": {
          "type": "json",
          "value": "tt1234",
        },
        "responseStatusCode": 404,
      },
    ],
    "headers": [],
    "id": "getMovie",
    "method": "GET",
    "migratedFromUrlSlugs": undefined,
    "name": "Get Movie",
    "originalEndpointId": "endpoint_imdb.getMovie",
    "path": {
      "parts": [
        {
          "type": "literal",
          "value": "/movies",
        },
        {
          "type": "literal",
          "value": "/",
        },
        {
          "type": "pathParameter",
          "value": "id",
        },
        {
          "type": "literal",
          "value": "",
        },
      ],
      "pathParameters": [
        {
          "description": undefined,
          "key": "id",
          "type": {
            "type": "id",
            "value": "type_imdb:MovieId",
          },
        },
      ],
    },
    "queryParameters": [],
    "request": undefined,
    "response": {
      "statusCode": undefined,
      "type": {
        "type": "reference",
        "value": {
          "type": "id",
          "value": "type_imdb:Movie",
        },
      },
    },
    "snippetTemplates": undefined,
    "urlSlug": "get-movie",
  },
  "GET /movies/:id" => {
    "authed": false,
    "availability": undefined,
    "defaultEnvironment": undefined,
    "description": "Retrieve a movie from the database based on the ID",
    "environments": [],
    "errors": [],
    "errorsV2": [
      {
        "description": undefined,
        "examples": [],
        "name": undefined,
        "statusCode": 404,
        "type": {
          "type": "alias",
          "value": {
            "type": "id",
            "value": "type_imdb:MovieId",
          },
        },
      },
    ],
    "examples": [
      {
        "codeExamples": {
          "goSdk": undefined,
          "nodeAxios": "",
          "pythonSdk": undefined,
          "rubySdk": undefined,
          "typescriptSdk": undefined,
        },
        "codeSamples": [],
        "description": undefined,
        "headers": {},
        "name": undefined,
        "path": "/movies/tt0111161",
        "pathParameters": {
          "id": "tt0111161",
        },
        "queryParameters": {},
        "requestBody": undefined,
        "requestBodyV3": undefined,
        "responseBody": {
          "id": "tt0111161",
          "rating": 9.3,
          "title": "The Shawshank Redemption",
        },
        "responseBodyV3": {
          "type": "json",
          "value": {
            "id": "tt0111161",
            "rating": 9.3,
            "title": "The Shawshank Redemption",
          },
        },
        "responseStatusCode": 200,
      },
      {
        "codeExamples": {
          "goSdk": undefined,
          "nodeAxios": "",
          "pythonSdk": undefined,
          "rubySdk": undefined,
          "typescriptSdk": undefined,
        },
        "codeSamples": [],
        "description": undefined,
        "headers": {},
        "name": undefined,
        "path": "/movies/tt1234",
        "pathParameters": {
          "id": "tt1234",
        },
        "queryParameters": {},
        "requestBody": undefined,
        "requestBodyV3": undefined,
        "responseBody": "tt1234",
        "responseBodyV3": {
          "type": "json",
          "value": "tt1234",
        },
        "responseStatusCode": 404,
      },
    ],
    "headers": [],
    "id": "getMovie",
    "method": "GET",
    "migratedFromUrlSlugs": undefined,
    "name": "Get Movie",
    "originalEndpointId": "endpoint_imdb.getMovie",
    "path": {
      "parts": [
        {
          "type": "literal",
          "value": "/movies",
        },
        {
          "type": "literal",
          "value": "/",
        },
        {
          "type": "pathParameter",
          "value": "id",
        },
        {
          "type": "literal",
          "value": "",
        },
      ],
      "pathParameters": [
        {
          "description": undefined,
          "key": "id",
          "type": {
            "type": "id",
            "value": "type_imdb:MovieId",
          },
        },
      ],
    },
    "queryParameters": [],
    "request": undefined,
    "response": {
      "statusCode": undefined,
      "type": {
        "type": "reference",
        "value": {
          "type": "id",
          "value": "type_imdb:Movie",
        },
      },
    },
    "snippetTemplates": undefined,
    "urlSlug": "get-movie",
  },
  "DELETE /movies/{id}" => {
    "authed": false,
    "availability": undefined,
    "defaultEnvironment": undefined,
    "description": "Remove a movie from the database based on the ID",
    "environments": [],
    "errors": [],
    "errorsV2": [],
    "examples": [
      {
        "codeExamples": {
          "goSdk": undefined,
          "nodeAxios": "",
          "pythonSdk": undefined,
          "rubySdk": undefined,
          "typescriptSdk": undefined,
        },
        "codeSamples": [],
        "description": undefined,
        "headers": {},
        "name": undefined,
        "path": "/movies/:id",
        "pathParameters": {
          "id": ":id",
        },
        "queryParameters": {},
        "requestBody": undefined,
        "requestBodyV3": undefined,
        "responseBody": undefined,
        "responseBodyV3": undefined,
        "responseStatusCode": 200,
      },
    ],
    "headers": [],
    "id": "deleteMovie",
    "method": "DELETE",
    "migratedFromUrlSlugs": undefined,
    "name": "Delete Movie",
    "originalEndpointId": "endpoint_imdb.deleteMovie",
    "path": {
      "parts": [
        {
          "type": "literal",
          "value": "/movies",
        },
        {
          "type": "literal",
          "value": "/",
        },
        {
          "type": "pathParameter",
          "value": "id",
        },
        {
          "type": "literal",
          "value": "",
        },
      ],
      "pathParameters": [
        {
          "description": undefined,
          "key": "id",
          "type": {
            "type": "id",
            "value": "type_imdb:MovieId",
          },
        },
      ],
    },
    "queryParameters": [],
    "request": undefined,
    "response": undefined,
    "snippetTemplates": undefined,
    "urlSlug": "delete-movie",
  },
  "DELETE /movies/:id" => {
    "authed": false,
    "availability": undefined,
    "defaultEnvironment": undefined,
    "description": "Remove a movie from the database based on the ID",
    "environments": [],
    "errors": [],
    "errorsV2": [],
    "examples": [
      {
        "codeExamples": {
          "goSdk": undefined,
          "nodeAxios": "",
          "pythonSdk": undefined,
          "rubySdk": undefined,
          "typescriptSdk": undefined,
        },
        "codeSamples": [],
        "description": undefined,
        "headers": {},
        "name": undefined,
        "path": "/movies/:id",
        "pathParameters": {
          "id": ":id",
        },
        "queryParameters": {},
        "requestBody": undefined,
        "requestBodyV3": undefined,
        "responseBody": undefined,
        "responseBodyV3": undefined,
        "responseStatusCode": 200,
      },
    ],
    "headers": [],
    "id": "deleteMovie",
    "method": "DELETE",
    "migratedFromUrlSlugs": undefined,
    "name": "Delete Movie",
    "originalEndpointId": "endpoint_imdb.deleteMovie",
    "path": {
      "parts": [
        {
          "type": "literal",
          "value": "/movies",
        },
        {
          "type": "literal",
          "value": "/",
        },
        {
          "type": "pathParameter",
          "value": "id",
        },
        {
          "type": "literal",
          "value": "",
        },
      ],
      "pathParameters": [
        {
          "description": undefined,
          "key": "id",
          "type": {
            "type": "id",
            "value": "type_imdb:MovieId",
          },
        },
      ],
    },
    "queryParameters": [],
    "request": undefined,
    "response": undefined,
    "snippetTemplates": undefined,
    "urlSlug": "delete-movie",
  },
  "imdb.createMovie" => {
    "authed": false,
    "availability": undefined,
    "defaultEnvironment": undefined,
    "description": "Add a movie to the database",
    "environments": [],
    "errors": [],
    "errorsV2": [],
    "examples": [
      {
        "codeExamples": {
          "goSdk": undefined,
          "nodeAxios": "",
          "pythonSdk": undefined,
          "rubySdk": undefined,
          "typescriptSdk": undefined,
        },
        "codeSamples": [],
        "description": undefined,
        "headers": {},
        "name": undefined,
        "path": "/movies/create-movie",
        "pathParameters": {},
        "queryParameters": {},
        "requestBody": undefined,
        "requestBodyV3": {
          "type": "json",
          "value": {
            "rating": 1,
            "title": "string",
          },
        },
        "responseBody": undefined,
        "responseBodyV3": {
          "type": "json",
          "value": "string",
        },
        "responseStatusCode": 200,
      },
    ],
    "headers": [],
    "id": "createMovie",
    "method": "POST",
    "migratedFromUrlSlugs": undefined,
    "name": "Create Movie",
    "originalEndpointId": "endpoint_imdb.createMovie",
    "path": {
      "parts": [
        {
          "type": "literal",
          "value": "/movies",
        },
        {
          "type": "literal",
          "value": "/create-movie",
        },
      ],
      "pathParameters": [],
    },
    "queryParameters": [],
    "request": {
      "contentType": "application/json",
      "description": undefined,
      "type": {
        "type": "reference",
        "value": {
          "type": "id",
          "value": "type_imdb:CreateMovieRequest",
        },
      },
    },
    "response": {
      "statusCode": undefined,
      "type": {
        "type": "reference",
        "value": {
          "type": "id",
          "value": "type_imdb:MovieId",
        },
      },
    },
    "snippetTemplates": undefined,
    "urlSlug": "create-movie",
  },
  "imdb.getMovie" => {
    "authed": false,
    "availability": undefined,
    "defaultEnvironment": undefined,
    "description": "Retrieve a movie from the database based on the ID",
    "environments": [],
    "errors": [],
    "errorsV2": [
      {
        "description": undefined,
        "examples": [],
        "name": undefined,
        "statusCode": 404,
        "type": {
          "type": "alias",
          "value": {
            "type": "id",
            "value": "type_imdb:MovieId",
          },
        },
      },
    ],
    "examples": [
      {
        "codeExamples": {
          "goSdk": undefined,
          "nodeAxios": "",
          "pythonSdk": undefined,
          "rubySdk": undefined,
          "typescriptSdk": undefined,
        },
        "codeSamples": [],
        "description": undefined,
        "headers": {},
        "name": undefined,
        "path": "/movies/tt0111161",
        "pathParameters": {
          "id": "tt0111161",
        },
        "queryParameters": {},
        "requestBody": undefined,
        "requestBodyV3": undefined,
        "responseBody": {
          "id": "tt0111161",
          "rating": 9.3,
          "title": "The Shawshank Redemption",
        },
        "responseBodyV3": {
          "type": "json",
          "value": {
            "id": "tt0111161",
            "rating": 9.3,
            "title": "The Shawshank Redemption",
          },
        },
        "responseStatusCode": 200,
      },
      {
        "codeExamples": {
          "goSdk": undefined,
          "nodeAxios": "",
          "pythonSdk": undefined,
          "rubySdk": undefined,
          "typescriptSdk": undefined,
        },
        "codeSamples": [],
        "description": undefined,
        "headers": {},
        "name": undefined,
        "path": "/movies/tt1234",
        "pathParameters": {
          "id": "tt1234",
        },
        "queryParameters": {},
        "requestBody": undefined,
        "requestBodyV3": undefined,
        "responseBody": "tt1234",
        "responseBodyV3": {
          "type": "json",
          "value": "tt1234",
        },
        "responseStatusCode": 404,
      },
    ],
    "headers": [],
    "id": "getMovie",
    "method": "GET",
    "migratedFromUrlSlugs": undefined,
    "name": "Get Movie",
    "originalEndpointId": "endpoint_imdb.getMovie",
    "path": {
      "parts": [
        {
          "type": "literal",
          "value": "/movies",
        },
        {
          "type": "literal",
          "value": "/",
        },
        {
          "type": "pathParameter",
          "value": "id",
        },
        {
          "type": "literal",
          "value": "",
        },
      ],
      "pathParameters": [
        {
          "description": undefined,
          "key": "id",
          "type": {
            "type": "id",
            "value": "type_imdb:MovieId",
          },
        },
      ],
    },
    "queryParameters": [],
    "request": undefined,
    "response": {
      "statusCode": undefined,
      "type": {
        "type": "reference",
        "value": {
          "type": "id",
          "value": "type_imdb:Movie",
        },
      },
    },
    "snippetTemplates": undefined,
    "urlSlug": "get-movie",
  },
  "imdb.deleteMovie" => {
    "authed": false,
    "availability": undefined,
    "defaultEnvironment": undefined,
    "description": "Remove a movie from the database based on the ID",
    "environments": [],
    "errors": [],
    "errorsV2": [],
    "examples": [
      {
        "codeExamples": {
          "goSdk": undefined,
          "nodeAxios": "",
          "pythonSdk": undefined,
          "rubySdk": undefined,
          "typescriptSdk": undefined,
        },
        "codeSamples": [],
        "description": undefined,
        "headers": {},
        "name": undefined,
        "path": "/movies/:id",
        "pathParameters": {
          "id": ":id",
        },
        "queryParameters": {},
        "requestBody": undefined,
        "requestBodyV3": undefined,
        "responseBody": undefined,
        "responseBodyV3": undefined,
        "responseStatusCode": 200,
      },
    ],
    "headers": [],
    "id": "deleteMovie",
    "method": "DELETE",
    "migratedFromUrlSlugs": undefined,
    "name": "Delete Movie",
    "originalEndpointId": "endpoint_imdb.deleteMovie",
    "path": {
      "parts": [
        {
          "type": "literal",
          "value": "/movies",
        },
        {
          "type": "literal",
          "value": "/",
        },
        {
          "type": "pathParameter",
          "value": "id",
        },
        {
          "type": "literal",
          "value": "",
        },
      ],
      "pathParameters": [
        {
          "description": undefined,
          "key": "id",
          "type": {
            "type": "id",
            "value": "type_imdb:MovieId",
          },
        },
      ],
    },
    "queryParameters": [],
    "request": undefined,
    "response": undefined,
    "snippetTemplates": undefined,
    "urlSlug": "delete-movie",
  },
}
`;
